Archive member included to satisfy reference by file (symbol)

C:/ST/STM32CubeIDE_1.13.2/STM32CubeIDE/plugins/com.st.stm32cube.ide.mcu.externaltools.gnu-tools-for-stm32.11.3.rel1.win32_1.1.1.202309131626/tools/bin/../lib/gcc/arm-none-eabi/11.3.1/../../../../arm-none-eabi/lib/thumb/v7e-m+fp/hard\libc_nano.a(libc_a-exit.o)
                              C:/ST/STM32CubeIDE_1.13.2/STM32CubeIDE/plugins/com.st.stm32cube.ide.mcu.externaltools.gnu-tools-for-stm32.11.3.rel1.win32_1.1.1.202309131626/tools/bin/../lib/gcc/arm-none-eabi/11.3.1/../../../../arm-none-eabi/lib/thumb/v7e-m+fp/hard/crt0.o (exit)
C:/ST/STM32CubeIDE_1.13.2/STM32CubeIDE/plugins/com.st.stm32cube.ide.mcu.externaltools.gnu-tools-for-stm32.11.3.rel1.win32_1.1.1.202309131626/tools/bin/../lib/gcc/arm-none-eabi/11.3.1/../../../../arm-none-eabi/lib/thumb/v7e-m+fp/hard\libc_nano.a(libc_a-nano-vfprintf_float.o)
                              (_printf_float)
C:/ST/STM32CubeIDE_1.13.2/STM32CubeIDE/plugins/com.st.stm32cube.ide.mcu.externaltools.gnu-tools-for-stm32.11.3.rel1.win32_1.1.1.202309131626/tools/bin/../lib/gcc/arm-none-eabi/11.3.1/../../../../arm-none-eabi/lib/thumb/v7e-m+fp/hard\libc_nano.a(libc_a-nano-vfprintf_i.o)
                              C:/ST/STM32CubeIDE_1.13.2/STM32CubeIDE/plugins/com.st.stm32cube.ide.mcu.externaltools.gnu-tools-for-stm32.11.3.rel1.win32_1.1.1.202309131626/tools/bin/../lib/gcc/arm-none-eabi/11.3.1/../../../../arm-none-eabi/lib/thumb/v7e-m+fp/hard\libc_nano.a(libc_a-nano-vfprintf_float.o) (_printf_common)
C:/ST/STM32CubeIDE_1.13.2/STM32CubeIDE/plugins/com.st.stm32cube.ide.mcu.externaltools.gnu-tools-for-stm32.11.3.rel1.win32_1.1.1.202309131626/tools/bin/../lib/gcc/arm-none-eabi/11.3.1/../../../../arm-none-eabi/lib/thumb/v7e-m+fp/hard\libc_nano.a(libc_a-findfp.o)
                              C:/ST/STM32CubeIDE_1.13.2/STM32CubeIDE/plugins/com.st.stm32cube.ide.mcu.externaltools.gnu-tools-for-stm32.11.3.rel1.win32_1.1.1.202309131626/tools/bin/../lib/gcc/arm-none-eabi/11.3.1/../../../../arm-none-eabi/lib/thumb/v7e-m+fp/hard\libc_nano.a(libc_a-exit.o) (__stdio_exit_handler)
C:/ST/STM32CubeIDE_1.13.2/STM32CubeIDE/plugins/com.st.stm32cube.ide.mcu.externaltools.gnu-tools-for-stm32.11.3.rel1.win32_1.1.1.202309131626/tools/bin/../lib/gcc/arm-none-eabi/11.3.1/../../../../arm-none-eabi/lib/thumb/v7e-m+fp/hard\libc_nano.a(libc_a-fwalk.o)
                              C:/ST/STM32CubeIDE_1.13.2/STM32CubeIDE/plugins/com.st.stm32cube.ide.mcu.externaltools.gnu-tools-for-stm32.11.3.rel1.win32_1.1.1.202309131626/tools/bin/../lib/gcc/arm-none-eabi/11.3.1/../../../../arm-none-eabi/lib/thumb/v7e-m+fp/hard\libc_nano.a(libc_a-findfp.o) (_fwalk_sglue)
C:/ST/STM32CubeIDE_1.13.2/STM32CubeIDE/plugins/com.st.stm32cube.ide.mcu.externaltools.gnu-tools-for-stm32.11.3.rel1.win32_1.1.1.202309131626/tools/bin/../lib/gcc/arm-none-eabi/11.3.1/../../../../arm-none-eabi/lib/thumb/v7e-m+fp/hard\libc_nano.a(libc_a-sprintf.o)
                              ./Core/Src/main.o (sprintf)
C:/ST/STM32CubeIDE_1.13.2/STM32CubeIDE/plugins/com.st.stm32cube.ide.mcu.externaltools.gnu-tools-for-stm32.11.3.rel1.win32_1.1.1.202309131626/tools/bin/../lib/gcc/arm-none-eabi/11.3.1/../../../../arm-none-eabi/lib/thumb/v7e-m+fp/hard\libc_nano.a(libc_a-stdio.o)
                              C:/ST/STM32CubeIDE_1.13.2/STM32CubeIDE/plugins/com.st.stm32cube.ide.mcu.externaltools.gnu-tools-for-stm32.11.3.rel1.win32_1.1.1.202309131626/tools/bin/../lib/gcc/arm-none-eabi/11.3.1/../../../../arm-none-eabi/lib/thumb/v7e-m+fp/hard\libc_nano.a(libc_a-findfp.o) (__sread)
C:/ST/STM32CubeIDE_1.13.2/STM32CubeIDE/plugins/com.st.stm32cube.ide.mcu.externaltools.gnu-tools-for-stm32.11.3.rel1.win32_1.1.1.202309131626/tools/bin/../lib/gcc/arm-none-eabi/11.3.1/../../../../arm-none-eabi/lib/thumb/v7e-m+fp/hard\libc_nano.a(libc_a-memset.o)
                              C:/ST/STM32CubeIDE_1.13.2/STM32CubeIDE/plugins/com.st.stm32cube.ide.mcu.externaltools.gnu-tools-for-stm32.11.3.rel1.win32_1.1.1.202309131626/tools/bin/../lib/gcc/arm-none-eabi/11.3.1/../../../../arm-none-eabi/lib/thumb/v7e-m+fp/hard/crt0.o (memset)
C:/ST/STM32CubeIDE_1.13.2/STM32CubeIDE/plugins/com.st.stm32cube.ide.mcu.externaltools.gnu-tools-for-stm32.11.3.rel1.win32_1.1.1.202309131626/tools/bin/../lib/gcc/arm-none-eabi/11.3.1/../../../../arm-none-eabi/lib/thumb/v7e-m+fp/hard\libc_nano.a(libc_a-localeconv.o)
                              C:/ST/STM32CubeIDE_1.13.2/STM32CubeIDE/plugins/com.st.stm32cube.ide.mcu.externaltools.gnu-tools-for-stm32.11.3.rel1.win32_1.1.1.202309131626/tools/bin/../lib/gcc/arm-none-eabi/11.3.1/../../../../arm-none-eabi/lib/thumb/v7e-m+fp/hard\libc_nano.a(libc_a-nano-vfprintf_float.o) (_localeconv_r)
C:/ST/STM32CubeIDE_1.13.2/STM32CubeIDE/plugins/com.st.stm32cube.ide.mcu.externaltools.gnu-tools-for-stm32.11.3.rel1.win32_1.1.1.202309131626/tools/bin/../lib/gcc/arm-none-eabi/11.3.1/../../../../arm-none-eabi/lib/thumb/v7e-m+fp/hard\libc_nano.a(libc_a-closer.o)
[...]
Memory Configuration

Name             Origin             Length             Attributes
CCMRAM           0x0000000010000000 0x0000000000010000 xrw
RAM              0x0000000020000000 0x0000000000030000 xrw
FLASH            0x0000000008000000 0x0000000000200000 xr
*default*        0x0000000000000000 0xffffffffffffffff

Linker script and memory map

LOAD C:/ST/STM32CubeIDE_1.13.2/STM32CubeIDE/plugins/com.st.stm32cube.ide.mcu.externaltools.gnu-tools-for-stm32.11.3.rel1.win32_1.1.1.202309131626/tools/bin/../lib/gcc/arm-none-eabi/11.3.1/thumb/v7e-m+fp/hard/crti.o
LOAD C:/ST/STM32CubeIDE_1.13.2/STM32CubeIDE/plugins/com.st.stm32cube.ide.mcu.externaltools.gnu-tools-for-stm32.11.3.rel1.win32_1.1.1.202309131626/tools/bin/../lib/gcc/arm-none-eabi/11.3.1/thumb/v7e-m+fp/hard/crtbegin.o
LOAD C:/ST/STM32CubeIDE_1.13.2/STM32CubeIDE/plugins/com.st.stm32cube.ide.mcu.externaltools.gnu-tools-for-stm32.11.3.rel1.win32_1.1.1.202309131626/tools/bin/../lib/gcc/arm-none-eabi/11.3.1/../../../../arm-none-eabi/lib/thumb/v7e-m+fp/hard/crt0.o
LOAD ./Core/Src/main.o
LOAD ./Core/Src/stm32f4xx_hal_msp.o
LOAD ./Core/Src/stm32f4xx_it.o
LOAD ./Core/Src/syscalls.o
LOAD ./Core/Src/sysmem.o
LOAD ./Core/Src/system_stm32f4xx.o
LOAD ./Core/Startup/startup_stm32f429zitx.o
LOAD ./Drivers/BSP/Components/i3g4250d/i3g4250d.o
LOAD ./Drivers/BSP/Components/ili9341/ili9341.o
LOAD ./Drivers/BSP/Components/l3gd20/l3gd20.o
LOAD ./Drivers/BSP/stm32f429i_discovery.o
LOAD ./Drivers/BSP/stm32f429i_discovery_gyroscope.o
LOAD ./Drivers/BSP/stm32f429i_discovery_lcd.o
LOAD ./Drivers/BSP/stm32f429i_discovery_sdram.o
LOAD ./Drivers/STM32F4xx_HAL_Driver/Src/stm32f4xx_hal.o
LOAD ./Drivers/STM32F4xx_HAL_Driver/Src/stm32f4xx_hal_cortex.o
LOAD ./Drivers/STM32F4xx_HAL_Driver/Src/stm32f4xx_hal_dma.o
LOAD ./Drivers/STM32F4xx_HAL_Driver/Src/stm32f4xx_hal_dma2d.o
LOAD ./Drivers/STM32F4xx_HAL_Driver/Src/stm32f4xx_hal_dma_ex.o
LOAD ./Drivers/STM32F4xx_HAL_Driver/Src/stm32f4xx_hal_exti.o
LOAD ./Drivers/STM32F4xx_HAL_Driver/Src/stm32f4xx_hal_flash.o
LOAD ./Drivers/STM32F4xx_HAL_Driver/Src/stm32f4xx_hal_flash_ex.o
LOAD ./Drivers/STM32F4xx_HAL_Driver/Src/stm32f4xx_hal_flash_ramfunc.o
LOAD ./Drivers/STM32F4xx_HAL_Driver/Src/stm32f4xx_hal_gpio.o
LOAD ./Drivers/STM32F4xx_HAL_Driver/Src/stm32f4xx_hal_i2c.o
LOAD ./Drivers/STM32F4xx_HAL_Driver/Src/stm32f4xx_hal_i2c_ex.o
LOAD ./Drivers/STM32F4xx_HAL_Driver/Src/stm32f4xx_hal_ltdc.o
LOAD ./Drivers/STM32F4xx_HAL_Driver/Src/stm32f4xx_hal_ltdc_ex.o
LOAD ./Drivers/STM32F4xx_HAL_Driver/Src/stm32f4xx_hal_pcd.o
LOAD ./Drivers/STM32F4xx_HAL_Driver/Src/stm32f4xx_hal_pcd_ex.o
LOAD ./Drivers/STM32F4xx_HAL_Driver/Src/stm32f4xx_hal_pwr.o
LOAD ./Drivers/STM32F4xx_HAL_Driver/Src/stm32f4xx_hal_pwr_ex.o
LOAD ./Drivers/STM32F4xx_HAL_Driver/Src/stm32f4xx_hal_rcc.o
LOAD ./Drivers/STM32F4xx_HAL_Driver/Src/stm32f4xx_hal_rcc_ex.o
LOAD ./Drivers/STM32F4xx_HAL_Driver/Src/stm32f4xx_hal_sdram.o
LOAD ./Drivers/STM32F4xx_HAL_Driver/Src/stm32f4xx_hal_spi.o
LOAD ./Drivers/STM32F4xx_HAL_Driver/Src/stm32f4xx_hal_tim.o
LOAD ./Drivers/STM32F4xx_HAL_Driver/Src/stm32f4xx_hal_tim_ex.o
LOAD ./Drivers/STM32F4xx_HAL_Driver/Src/stm32f4xx_ll_fmc.o
LOAD ./Drivers/STM32F4xx_HAL_Driver/Src/stm32f4xx_ll_usb.o
LOAD ./Middlewares/ST/STM32_USB_Device_Library/Class/CDC/Src/usbd_cdc.o
LOAD ./Middlewares/ST/STM32_USB_Device_Library/Core/Src/usbd_core.o
LOAD ./Middlewares/ST/STM32_USB_Device_Library/Core/Src/usbd_ctlreq.o
LOAD ./Middlewares/ST/STM32_USB_Device_Library/Core/Src/usbd_ioreq.o
LOAD ./USB_DEVICE/App/usb_device.o
LOAD ./USB_DEVICE/App/usbd_cdc_if.o
LOAD ./USB_DEVICE/App/usbd_desc.o
LOAD ./USB_DEVICE/Target/usbd_conf.o
START GROUP
LOAD C:/ST/STM32CubeIDE_1.13.2/STM32CubeIDE/plugins/com.st.stm32cube.ide.mcu.externaltools.gnu-tools-for-stm32.11.3.rel1.win32_1.1.1.202309131626/tools/bin/../lib/gcc/arm-none-eabi/11.3.1/../../../../arm-none-eabi/lib/thumb/v7e-m+fp/hard\libc_nano.a
LOAD C:/ST/STM32CubeIDE_1.13.2/STM32CubeIDE/plugins/com.st.stm32cube.ide.mcu.externaltools.gnu-tools-for-stm32.11.3.rel1.win32_1.1.1.202309131626/tools/bin/../lib/gcc/arm-none-eabi/11.3.1/../../../../arm-none-eabi/lib/thumb/v7e-m+fp/hard\libm.a
END GROUP
START GROUP
LOAD C:/ST/STM32CubeIDE_1.13.2/STM32CubeIDE/plugins/com.st.stm32cube.ide.mcu.externaltools.gnu-tools-for-stm32.11.3.rel1.win32_1.1.1.202309131626/tools/bin/../lib/gcc/arm-none-eabi/11.3.1/thumb/v7e-m+fp/hard\libgcc.a
LOAD C:/ST/STM32CubeIDE_1.13.2/STM32CubeIDE/plugins/com.st.stm32cube.ide.mcu.externaltools.gnu-tools-for-stm32.11.3.rel1.win32_1.1.1.202309131626/tools/bin/../lib/gcc/arm-none-eabi/11.3.1/../../../../arm-none-eabi/lib/thumb/v7e-m+fp/hard\libc_nano.a
END GROUP
START GROUP
LOAD C:/ST/STM32CubeIDE_1.13.2/STM32CubeIDE/plugins/com.st.stm32cube.ide.mcu.externaltools.gnu-tools-for-stm32.11.3.rel1.win32_1.1.1.202309131626/tools/bin/../lib/gcc/arm-none-eabi/11.3.1/thumb/v7e-m+fp/hard\libgcc.a
LOAD C:/ST/STM32CubeIDE_1.13.2/STM32CubeIDE/plugins/com.st.stm32cube.ide.mcu.externaltools.gnu-tools-for-stm32.11.3.rel1.win32_1.1.1.202309131626/tools/bin/../lib/gcc/arm-none-eabi/11.3.1/../../../../arm-none-eabi/lib/thumb/v7e-m+fp/hard\libc_nano.a
LOAD C:/ST/STM32CubeIDE_1.13.2/STM32CubeIDE/plugins/com.st.stm32cube.ide.mcu.externaltools.gnu-tools-for-stm32.11.3.rel1.win32_1.1.1.202309131626/tools/bin/../lib/gcc/arm-none-eabi/11.3.1/../../../../arm-none-eabi/lib/thumb/v7e-m+fp/hard\libnosys.a
END GROUP
START GROUP
LOAD C:/ST/STM32CubeIDE_1.13.2/STM32CubeIDE/plugins/com.st.stm32cube.ide.mcu.externaltools.gnu-tools-for-stm32.11.3.rel1.win32_1.1.1.202309131626/tools/bin/../lib/gcc/arm-none-eabi/11.3.1/thumb/v7e-m+fp/hard\libgcc.a
LOAD C:/ST/STM32CubeIDE_1.13.2/STM32CubeIDE/plugins/com.st.stm32cube.ide.mcu.externaltools.gnu-tools-for-stm32.11.3.rel1.win32_1.1.1.202309131626/tools/bin/../lib/gcc/arm-none-eabi/11.3.1/../../../../arm-none-eabi/lib/thumb/v7e-m+fp/hard\libc_nano.a
LOAD C:/ST/STM32CubeIDE_1.13.2/STM32CubeIDE/plugins/com.st.stm32cube.ide.mcu.externaltools.gnu-tools-for-stm32.11.3.rel1.win32_1.1.1.202309131626/tools/bin/../lib/gcc/arm-none-eabi/11.3.1/../../../../arm-none-eabi/lib/thumb/v7e-m+fp/hard\libnosys.a
END GROUP
LOAD C:/ST/STM32CubeIDE_1.13.2/STM32CubeIDE/plugins/com.st.stm32cube.ide.mcu.externaltools.gnu-tools-for-stm32.11.3.rel1.win32_1.1.1.202309131626/tools/bin/../lib/gcc/arm-none-eabi/11.3.1/thumb/v7e-m+fp/hard/crtend.o
LOAD C:/ST/STM32CubeIDE_1.13.2/STM32CubeIDE/plugins/com.st.stm32cube.ide.mcu.externaltools.gnu-tools-for-stm32.11.3.rel1.win32_1.1.1.202309131626/tools/bin/../lib/gcc/arm-none-eabi/11.3.1/thumb/v7e-m+fp/hard/crtn.o
                0x0000000020030000                _estack = (ORIGIN (RAM) + LENGTH (RAM))
                0x0000000000000200                _Min_Heap_Size = 0x200
                0x0000000000000400                _Min_Stack_Size = 0x400

.isr_vector     0x0000000008000000      0x1ac
                0x0000000008000000                . = ALIGN (0x4)
 *(.isr_vector)
 .isr_vector    0x0000000008000000      0x1ac ./Core/Startup/startup_stm32f429zitx.o
                0x0000000008000000                g_pfnVectors
                0x00000000080001ac                . = ALIGN (0x4)

.text           0x00000000080001b0     0xea38
                0x00000000080001b0                . = ALIGN (0x4)
 *(.text)
 .text          0x00000000080001b0       0x40 C:/ST/STM32CubeIDE_1.13.2/STM32CubeIDE/plugins/com.st.stm32cube.ide.mcu.externaltools.gnu-tools-for-stm32.11.3.rel1.win32_1.1.1.202309131626/tools/bin/../lib/gcc/arm-none-eabi/11.3.1/thumb/v7e-m+fp/hard/crtbegin.o
 .text          0x00000000080001f0       0xa0 C:/ST/STM32CubeIDE_1.13.2/STM32CubeIDE/plugins/com.st.stm32cube.ide.mcu.externaltools.gnu-tools-for-stm32.11.3.rel1.win32_1.1.1.202309131626/tools/bin/../lib/gcc/arm-none-eabi/11.3.1/../../../../arm-none-eabi/lib/thumb/v7e-m+fp/hard\libc_nano.a(libc_a-memchr.o)
                0x00000000080001f0                memchr
 .text          0x0000000008000290       0x10 C:/ST/STM32CubeIDE_1.13.2/STM32CubeIDE/plugins/com.st.stm32cube.ide.mcu.externaltools.gnu-tools-for-stm32.11.3.rel1.win32_1.1.1.202309131626/tools/bin/../lib/gcc/arm-none-eabi/11.3.1/../../../../arm-none-eabi/lib/thumb/v7e-m+fp/hard\libc_nano.a(libc_a-strlen.o)
                0x0000000008000290                strlen
 .text          0x00000000080002a0      0x378 C:/ST/STM32CubeIDE_1.13.2/STM32CubeIDE/plugins/com.st.stm32cube.ide.mcu.externaltools.gnu-tools-for-stm32.11.3.rel1.win32_1.1.1.202309131626/tools/bin/../lib/gcc/arm-none-eabi/11.3.1/thumb/v7e-m+fp/hard\libgcc.a(_arm_addsubdf3.o)
                0x00000000080002a0                __aeabi_drsub
                0x00000000080002a8                __aeabi_dsub
                0x00000000080002a8                __subdf3
                0x00000000080002ac                __aeabi_dadd
                0x00000000080002ac                __adddf3
                0x0000000008000524                __floatunsidf
                0x0000000008000524                __aeabi_ui2d
                0x0000000008000544                __floatsidf
                0x0000000008000544                __aeabi_i2d
                0x0000000008000568                __aeabi_f2d
                0x0000000008000568                __extendsfdf2
                0x00000000080005ac                __floatundidf
                0x00000000080005ac                __aeabi_ul2d
                0x00000000080005bc                __floatdidf
                0x00000000080005bc                __aeabi_l2d
 .text          0x0000000008000618      0x424 C:/ST/STM32CubeIDE_1.13.2/STM32CubeIDE/plugins/com.st.stm32cube.ide.mcu.externaltools.gnu-tools-for-stm32.11.3.rel1.win32_1.1.1.202309131626/tools/bin/../lib/gcc/arm-none-eabi/11.3.1/thumb/v7e-m+fp/hard\libgcc.a(_arm_muldivdf3.o)
                0x0000000008000618                __aeabi_dmul
                0x0000000008000618                __muldf3
                0x000000000800086c                __divdf3
                0x000000000800086c                __aeabi_ddiv
 .text          0x0000000008000a3c      0x110 C:/ST/STM32CubeIDE_1.13.2/STM32CubeIDE/plugins/com.st.stm32cube.ide.mcu.externaltools.gnu-tools-for-stm32.11.3.rel1.win32_1.1.1.202309131626/tools/bin/../lib/gcc/arm-none-eabi/11.3.1/thumb/v7e-m+fp/hard\libgcc.a(_arm_cmpdf2.o)
                0x0000000008000a3c                __gtdf2
                0x0000000008000a3c                __gedf2
                0x0000000008000a44                __ltdf2
                0x0000000008000a44                __ledf2
                0x0000000008000a4c                __nedf2
                0x0000000008000a4c                __eqdf2
                0x0000000008000a4c                __cmpdf2
                0x0000000008000ac8                __aeabi_cdrcmple
                0x0000000008000ad8                __aeabi_cdcmpeq
                0x0000000008000ad8                __aeabi_cdcmple
                0x0000000008000ae8                __aeabi_dcmpeq
                0x0000000008000afc                __aeabi_dcmplt
                0x0000000008000b10                __aeabi_dcmple
                0x0000000008000b24                __aeabi_dcmpge
                0x0000000008000b38                __aeabi_dcmpgt
 .text          0x0000000008000b4c       0x2c C:/ST/STM32CubeIDE_1.13.2/STM32CubeIDE/plugins/com.st.stm32cube.ide.mcu.externaltools.gnu-tools-for-stm32.11.3.rel1.win32_1.1.1.202309131626/tools/bin/../lib/gcc/arm-none-eabi/11.3.1/thumb/v7e-m+fp/hard\libgcc.a(_arm_unorddf2.o)
                0x0000000008000b4c                __unorddf2
                0x0000000008000b4c                __aeabi_dcmpun
 .text          0x0000000008000b78       0x50 C:/ST/STM32CubeIDE_1.13.2/STM32CubeIDE/plugins/com.st.stm32cube.ide.mcu.externaltools.gnu-tools-for-stm32.11.3.rel1.win32_1.1.1.202309131626/tools/bin/../lib/gcc/arm-none-eabi/11.3.1/thumb/v7e-m+fp/hard\libgcc.a(_arm_fixdfsi.o)
                0x0000000008000b78                __aeabi_d2iz
                0x0000000008000b78                __fixdfsi
 .text          0x0000000008000bc8       0x30 C:/ST/STM32CubeIDE_1.13.2/STM32CubeIDE/plugins/com.st.stm32cube.ide.mcu.externaltools.gnu-tools-for-stm32.11.3.rel1.win32_1.1.1.202309131626/tools/bin/../lib/gcc/arm-none-eabi/11.3.1/thumb/v7e-m+fp/hard\libgcc.a(_aeabi_uldivmod.o)
                0x0000000008000bc8                __aeabi_uldivmod
 .text          0x0000000008000bf8      0x2c8 C:/ST/STM32CubeIDE_1.13.2/STM32CubeIDE/plugins/com.st.stm32cube.ide.mcu.externaltools.gnu-tools-for-stm32.11.3.rel1.win32_1.1.1.202309131626/tools/bin/../lib/gcc/arm-none-eabi/11.3.1/thumb/v7e-m+fp/hard\libgcc.a(_udivmoddi4.o)
                0x0000000008000bf8                __udivmoddi4
 .text          0x0000000008000ec0        0x4 C:/ST/STM32CubeIDE_1.13.2/STM32CubeIDE/plugins/com.st.stm32cube.ide.mcu.externaltools.gnu-tools-for-stm32.11.3.rel1.win32_1.1.1.202309131626/tools/bin/../lib/gcc/arm-none-eabi/11.3.1/thumb/v7e-m+fp/hard\libgcc.a(_dvmd_tls.o)
                0x0000000008000ec0                __aeabi_idiv0
                0x0000000008000ec0                __aeabi_ldiv0
 *(.text*)
 .text.main     0x0000000008000ec4      0x114 ./Core/Src/main.o
                0x0000000008000ec4                main
 .text.SystemClock_Config
                0x0000000008000fd8       0xe4 ./Core/Src/main.o
                0x0000000008000fd8                SystemClock_Config
 .text.MX_I2C1_Init
                0x00000000080010bc       0x80 ./Core/Src/main.o
 .text.MX_SPI1_Init
                0x000000000800113c       0x6c ./Core/Src/main.o
 .text.MX_GPIO_Init
                0x00000000080011a8       0xc0 ./Core/Src/main.o
 .text.Error_Handler
                0x0000000008001268        0xa ./Core/Src/main.o
                0x0000000008001268                Error_Handler
 *fill*         0x0000000008001272        0x2 
 .text.HAL_MspInit
                0x0000000008001274       0x50 ./Core/Src/stm32f4xx_hal_msp.o
                0x0000000008001274                HAL_MspInit
 .text.HAL_I2C_MspInit
                0x00000000080012c4       0x90 ./Core/Src/stm32f4xx_hal_msp.o
                0x00000000080012c4                HAL_I2C_MspInit
 .text.HAL_SPI_MspInit
                0x0000000008001354       0x90 ./Core/Src/stm32f4xx_hal_msp.o
                0x0000000008001354                HAL_SPI_MspInit
 .text.HAL_SPI_MspDeInit
                0x00000000080013e4       0x3c ./Core/Src/stm32f4xx_hal_msp.o
                0x00000000080013e4                HAL_SPI_MspDeInit
 .text.NMI_Handler
                0x0000000008001420        0x6 ./Core/Src/stm32f4xx_it.o
                0x0000000008001420                NMI_Handler
 .text.HardFault_Handler
                0x0000000008001426        0x6 ./Core/Src/stm32f4xx_it.o
                0x0000000008001426                HardFault_Handler
 .text.MemManage_Handler
                0x000000000800142c        0x6 ./Core/Src/stm32f4xx_it.o
                0x000000000800142c                MemManage_Handler
 .text.BusFault_Handler
                0x0000000008001432        0x6 ./Core/Src/stm32f4xx_it.o
                0x0000000008001432                BusFault_Handler
 .text.UsageFault_Handler
                0x0000000008001438        0x6 ./Core/Src/stm32f4xx_it.o
                0x0000000008001438                UsageFault_Handler
 .text.SVC_Handler
                0x000000000800143e        0xe ./Core/Src/stm32f4xx_it.o
                0x000000000800143e                SVC_Handler
 .text.DebugMon_Handler
                0x000000000800144c        0xe ./Core/Src/stm32f4xx_it.o
                0x000000000800144c                DebugMon_Handler
 .text.PendSV_Handler
                0x000000000800145a        0xe ./Core/Src/stm32f4xx_it.o
                0x000000000800145a                PendSV_Handler
 .text.SysTick_Handler
                0x0000000008001468        0xc ./Core/Src/stm32f4xx_it.o
                0x0000000008001468                SysTick_Handler
 .text.OTG_FS_IRQHandler
                0x0000000008001474       0x14 ./Core/Src/stm32f4xx_it.o
                0x0000000008001474                OTG_FS_IRQHandler
 .text._getpid  0x0000000008001488       0x10 ./Core/Src/syscalls.o
                0x0000000008001488                _getpid
 .text._kill    0x0000000008001498       0x20 ./Core/Src/syscalls.o
                0x0000000008001498                _kill
 .text._exit    0x00000000080014b8       0x14 ./Core/Src/syscalls.o
                0x00000000080014b8                _exit
 .text._read    0x00000000080014cc       0x3a ./Core/Src/syscalls.o
                0x00000000080014cc                _read
 .text._write   0x0000000008001506       0x38 ./Core/Src/syscalls.o
                0x0000000008001506                _write
 .text._close   0x000000000800153e       0x18 ./Core/Src/syscalls.o
                0x000000000800153e                _close
 .text._fstat   0x0000000008001556       0x20 ./Core/Src/syscalls.o
                0x0000000008001556                _fstat
 .text._isatty  0x0000000008001576       0x16 ./Core/Src/syscalls.o
                0x0000000008001576                _isatty
 .text._lseek   0x000000000800158c       0x1a ./Core/Src/syscalls.o
                0x000000000800158c                _lseek
 *fill*         0x00000000080015a6        0x2 
 .text._sbrk    0x00000000080015a8       0x6c ./Core/Src/sysmem.o
                0x00000000080015a8                _sbrk
 .text.SystemInit
                0x0000000008001614       0x24 ./Core/Src/system_stm32f4xx.o
                0x0000000008001614                SystemInit
 .text.Reset_Handler
                0x0000000008001638       0x50 ./Core/Startup/startup_stm32f429zitx.o
                0x0000000008001638                Reset_Handler
 .text.Default_Handler
                0x0000000008001688        0x2 ./Core/Startup/startup_stm32f429zitx.o
                0x0000000008001688                RTC_Alarm_IRQHandler
                0x0000000008001688                HASH_RNG_IRQHandler
                0x0000000008001688                EXTI2_IRQHandler
                0x0000000008001688                TIM8_CC_IRQHandler
                0x0000000008001688                UART8_IRQHandler
                0x0000000008001688                SPI4_IRQHandler
                0x0000000008001688                TIM1_CC_IRQHandler
                0x0000000008001688                DMA2_Stream5_IRQHandler
                0x0000000008001688                DMA1_Stream5_IRQHandler
                0x0000000008001688                PVD_IRQHandler
                0x0000000008001688                SDIO_IRQHandler
                0x0000000008001688                TAMP_STAMP_IRQHandler
                0x0000000008001688                CAN2_RX1_IRQHandler
                0x0000000008001688                EXTI3_IRQHandler
                0x0000000008001688                TIM8_TRG_COM_TIM14_IRQHandler
                0x0000000008001688                TIM1_UP_TIM10_IRQHandler
                0x0000000008001688                TIM8_UP_TIM13_IRQHandler
                0x0000000008001688                I2C3_ER_IRQHandler
                0x0000000008001688                EXTI0_IRQHandler
                0x0000000008001688                I2C2_EV_IRQHandler
                0x0000000008001688                DMA1_Stream2_IRQHandler
                0x0000000008001688                CAN1_RX0_IRQHandler
                0x0000000008001688                FPU_IRQHandler
                0x0000000008001688                OTG_HS_WKUP_IRQHandler
                0x0000000008001688                LTDC_ER_IRQHandler
                0x0000000008001688                CAN2_SCE_IRQHandler
                0x0000000008001688                DMA2_Stream2_IRQHandler
                0x0000000008001688                SPI1_IRQHandler
                0x0000000008001688                TIM6_DAC_IRQHandler
                0x0000000008001688                TIM1_BRK_TIM9_IRQHandler
                0x0000000008001688                DCMI_IRQHandler
                0x0000000008001688                CAN2_RX0_IRQHandler
                0x0000000008001688                DMA2_Stream3_IRQHandler
                0x0000000008001688                USART6_IRQHandler
                0x0000000008001688                USART3_IRQHandler
                0x0000000008001688                CAN1_RX1_IRQHandler
                0x0000000008001688                UART5_IRQHandler
                0x0000000008001688                DMA2_Stream0_IRQHandler
                0x0000000008001688                TIM4_IRQHandler
                0x0000000008001688                I2C1_EV_IRQHandler
                0x0000000008001688                DMA1_Stream6_IRQHandler
                0x0000000008001688                DMA1_Stream1_IRQHandler
                0x0000000008001688                UART4_IRQHandler
                0x0000000008001688                TIM3_IRQHandler
                0x0000000008001688                RCC_IRQHandler
                0x0000000008001688                TIM8_BRK_TIM12_IRQHandler
                0x0000000008001688                Default_Handler
                0x0000000008001688                EXTI15_10_IRQHandler
                0x0000000008001688                ADC_IRQHandler
                0x0000000008001688                DMA1_Stream7_IRQHandler
                0x0000000008001688                SPI5_IRQHandler
                0x0000000008001688                TIM7_IRQHandler
                0x0000000008001688                CAN2_TX_IRQHandler
                0x0000000008001688                TIM5_IRQHandler
                0x0000000008001688                DMA2_Stream7_IRQHandler
                0x0000000008001688                I2C3_EV_IRQHandler
                0x0000000008001688                EXTI9_5_IRQHandler
                0x0000000008001688                RTC_WKUP_IRQHandler
                0x0000000008001688                LTDC_IRQHandler
                0x0000000008001688                ETH_WKUP_IRQHandler
                0x0000000008001688                SPI2_IRQHandler
                0x0000000008001688                OTG_HS_EP1_IN_IRQHandler
                0x0000000008001688                DMA1_Stream0_IRQHandler
                0x0000000008001688                CAN1_TX_IRQHandler
                0x0000000008001688                EXTI4_IRQHandler
                0x0000000008001688                ETH_IRQHandler
                0x0000000008001688                OTG_HS_EP1_OUT_IRQHandler
                0x0000000008001688                WWDG_IRQHandler
                0x0000000008001688                SPI6_IRQHandler
                0x0000000008001688                TIM2_IRQHandler
                0x0000000008001688                OTG_FS_WKUP_IRQHandler
                0x0000000008001688                TIM1_TRG_COM_TIM11_IRQHandler
                0x0000000008001688                OTG_HS_IRQHandler
                0x0000000008001688                DMA2D_IRQHandler
                0x0000000008001688                EXTI1_IRQHandler
                0x0000000008001688                UART7_IRQHandler
                0x0000000008001688                USART2_IRQHandler
                0x0000000008001688                I2C2_ER_IRQHandler
                0x0000000008001688                DMA2_Stream1_IRQHandler
                0x0000000008001688                CAN1_SCE_IRQHandler
                0x0000000008001688                FLASH_IRQHandler
                0x0000000008001688                DMA2_Stream4_IRQHandler
                0x0000000008001688                USART1_IRQHandler
                0x0000000008001688                SPI3_IRQHandler
                0x0000000008001688                DMA1_Stream4_IRQHandler
                0x0000000008001688                I2C1_ER_IRQHandler
                0x0000000008001688                FMC_IRQHandler
                0x0000000008001688                DMA2_Stream6_IRQHandler
                0x0000000008001688                SAI1_IRQHandler
                0x0000000008001688                DMA1_Stream3_IRQHandler
 .text.ili9341_Init
                0x000000000800168a      0x294 ./Drivers/BSP/Components/ili9341/ili9341.o
                0x000000000800168a                ili9341_Init
 .text.ili9341_ReadID
                0x000000000800191e       0x18 ./Drivers/BSP/Components/ili9341/ili9341.o
                0x000000000800191e                ili9341_ReadID
 .text.ili9341_DisplayOn
                0x0000000008001936        0xe ./Drivers/BSP/Components/ili9341/ili9341.o
                0x0000000008001936                ili9341_DisplayOn
 .text.ili9341_DisplayOff
                0x0000000008001944        0xe ./Drivers/BSP/Components/ili9341/ili9341.o
                0x0000000008001944                ili9341_DisplayOff
 .text.ili9341_WriteReg
                0x0000000008001952       0x1a ./Drivers/BSP/Components/ili9341/ili9341.o
                0x0000000008001952                ili9341_WriteReg
 .text.ili9341_WriteData
                0x000000000800196c       0x1a ./Drivers/BSP/Components/ili9341/ili9341.o
                0x000000000800196c                ili9341_WriteData
 .text.ili9341_ReadData
                0x0000000008001986       0x26 ./Drivers/BSP/Components/ili9341/ili9341.o
                0x0000000008001986                ili9341_ReadData
 .text.ili9341_GetLcdPixelWidth
                0x00000000080019ac       0x10 ./Drivers/BSP/Components/ili9341/ili9341.o
                0x00000000080019ac                ili9341_GetLcdPixelWidth
 .text.ili9341_GetLcdPixelHeight
                0x00000000080019bc       0x12 ./Drivers/BSP/Components/ili9341/ili9341.o
                0x00000000080019bc                ili9341_GetLcdPixelHeight
 .text.L3GD20_Init
                0x00000000080019ce       0x46 ./Drivers/BSP/Components/l3gd20/l3gd20.o
                0x00000000080019ce                L3GD20_Init
 .text.L3GD20_DeInit
                0x0000000008001a14        0xe ./Drivers/BSP/Components/l3gd20/l3gd20.o
                0x0000000008001a14                L3GD20_DeInit
 .text.L3GD20_ReadID
                0x0000000008001a22       0x20 ./Drivers/BSP/Components/l3gd20/l3gd20.o
                0x0000000008001a22                L3GD20_ReadID
 .text.L3GD20_RebootCmd
                0x0000000008001a42       0x30 ./Drivers/BSP/Components/l3gd20/l3gd20.o
                0x0000000008001a42                L3GD20_RebootCmd
 .text.L3GD20_LowPower
                0x0000000008001a72       0x2a ./Drivers/BSP/Components/l3gd20/l3gd20.o
                0x0000000008001a72                L3GD20_LowPower
 .text.L3GD20_INT1InterruptConfig
                0x0000000008001a9c       0x86 ./Drivers/BSP/Components/l3gd20/l3gd20.o
                0x0000000008001a9c                L3GD20_INT1InterruptConfig
 .text.L3GD20_EnableIT
                0x0000000008001b22       0x64 ./Drivers/BSP/Components/l3gd20/l3gd20.o
                0x0000000008001b22                L3GD20_EnableIT
 .text.L3GD20_DisableIT
                0x0000000008001b86       0x58 ./Drivers/BSP/Components/l3gd20/l3gd20.o
                0x0000000008001b86                L3GD20_DisableIT
 .text.L3GD20_FilterConfig
                0x0000000008001bde       0x42 ./Drivers/BSP/Components/l3gd20/l3gd20.o
                0x0000000008001bde                L3GD20_FilterConfig
 .text.L3GD20_FilterCmd
                0x0000000008001c20       0x42 ./Drivers/BSP/Components/l3gd20/l3gd20.o
                0x0000000008001c20                L3GD20_FilterCmd
 *fill*         0x0000000008001c62        0x2 
 .text.L3GD20_ReadXYZAngRate
                0x0000000008001c64      0x158 ./Drivers/BSP/Components/l3gd20/l3gd20.o
                0x0000000008001c64                L3GD20_ReadXYZAngRate
 .text.SPIx_Init
                0x0000000008001dbc       0x74 ./Drivers/BSP/stm32f429i_discovery.o
 .text.SPIx_Read
                0x0000000008001e30       0x40 ./Drivers/BSP/stm32f429i_discovery.o
 .text.SPIx_Write
                0x0000000008001e70       0x3c ./Drivers/BSP/stm32f429i_discovery.o
 .text.SPIx_WriteRead
                0x0000000008001eac       0x40 ./Drivers/BSP/stm32f429i_discovery.o
 .text.SPIx_Error
                0x0000000008001eec       0x18 ./Drivers/BSP/stm32f429i_discovery.o
 .text.SPIx_MspInit
                0x0000000008001f04       0x74 ./Drivers/BSP/stm32f429i_discovery.o
 .text.LCD_IO_Init
                0x0000000008001f78       0xf0 ./Drivers/BSP/stm32f429i_discovery.o
                0x0000000008001f78                LCD_IO_Init
 .text.LCD_IO_WriteData
                0x0000000008002068       0x44 ./Drivers/BSP/stm32f429i_discovery.o
                0x0000000008002068                LCD_IO_WriteData
 .text.LCD_IO_WriteReg
                0x00000000080020ac       0x44 ./Drivers/BSP/stm32f429i_discovery.o
                0x00000000080020ac                LCD_IO_WriteReg
 .text.LCD_IO_ReadData
                0x00000000080020f0       0x64 ./Drivers/BSP/stm32f429i_discovery.o
                0x00000000080020f0                LCD_IO_ReadData
 .text.LCD_Delay
                0x0000000008002154       0x16 ./Drivers/BSP/stm32f429i_discovery.o
                0x0000000008002154                LCD_Delay
 *fill*         0x000000000800216a        0x2 
 .text.GYRO_IO_Init
                0x000000000800216c       0x98 ./Drivers/BSP/stm32f429i_discovery.o
                0x000000000800216c                GYRO_IO_Init
 .text.GYRO_IO_Write
                0x0000000008002204       0x64 ./Drivers/BSP/stm32f429i_discovery.o
                0x0000000008002204                GYRO_IO_Write
 .text.GYRO_IO_Read
                0x0000000008002268       0x74 ./Drivers/BSP/stm32f429i_discovery.o
                0x0000000008002268                GYRO_IO_Read
 .text.BSP_GYRO_Init
                0x00000000080022dc       0xcc ./Drivers/BSP/stm32f429i_discovery_gyroscope.o
                0x00000000080022dc                BSP_GYRO_Init
 .text.BSP_GYRO_GetXYZ
                0x00000000080023a8       0x28 ./Drivers/BSP/stm32f429i_discovery_gyroscope.o
                0x00000000080023a8                BSP_GYRO_GetXYZ
 .text.BSP_LCD_Init
                0x00000000080023d0       0xd4 ./Drivers/BSP/stm32f429i_discovery_lcd.o
                0x00000000080023d0                BSP_LCD_Init
 .text.BSP_LCD_GetXSize
                0x00000000080024a4       0x18 ./Drivers/BSP/stm32f429i_discovery_lcd.o
                0x00000000080024a4                BSP_LCD_GetXSize
 .text.BSP_LCD_GetYSize
                0x00000000080024bc       0x18 ./Drivers/BSP/stm32f429i_discovery_lcd.o
                0x00000000080024bc                BSP_LCD_GetYSize
 .text.BSP_LCD_LayerDefaultInit
                0x00000000080024d4       0xc8 ./Drivers/BSP/stm32f429i_discovery_lcd.o
                0x00000000080024d4                BSP_LCD_LayerDefaultInit
 .text.BSP_LCD_SelectLayer
                0x000000000800259c       0x20 ./Drivers/BSP/stm32f429i_discovery_lcd.o
                0x000000000800259c                BSP_LCD_SelectLayer
 .text.BSP_LCD_SetTextColor
                0x00000000080025bc       0x30 ./Drivers/BSP/stm32f429i_discovery_lcd.o
                0x00000000080025bc                BSP_LCD_SetTextColor
 .text.BSP_LCD_SetBackColor
                0x00000000080025ec       0x34 ./Drivers/BSP/stm32f429i_discovery_lcd.o
                0x00000000080025ec                BSP_LCD_SetBackColor
 .text.BSP_LCD_SetFont
                0x0000000008002620       0x34 ./Drivers/BSP/stm32f429i_discovery_lcd.o
                0x0000000008002620                BSP_LCD_SetFont
 .text.BSP_LCD_Clear
                0x0000000008002654       0x50 ./Drivers/BSP/stm32f429i_discovery_lcd.o
                0x0000000008002654                BSP_LCD_Clear
 .text.BSP_LCD_DrawHLine
                0x00000000080026a4       0x7c ./Drivers/BSP/stm32f429i_discovery_lcd.o
                0x00000000080026a4                BSP_LCD_DrawHLine
 .text.BSP_LCD_DrawCircle
                0x0000000008002720      0x1d4 ./Drivers/BSP/stm32f429i_discovery_lcd.o
                0x0000000008002720                BSP_LCD_DrawCircle
 .text.BSP_LCD_FillCircle
                0x00000000080028f4      0x140 ./Drivers/BSP/stm32f429i_discovery_lcd.o
                0x00000000080028f4                BSP_LCD_FillCircle
 .text.BSP_LCD_DisplayOn
                0x0000000008002a34       0x20 ./Drivers/BSP/stm32f429i_discovery_lcd.o
                0x0000000008002a34                BSP_LCD_DisplayOn
 .text.BSP_LCD_MspInit
                0x0000000008002a54      0x1ac ./Drivers/BSP/stm32f429i_discovery_lcd.o
                0x0000000008002a54                BSP_LCD_MspInit
 .text.BSP_LCD_DrawPixel
                0x0000000008002c00       0x4c ./Drivers/BSP/stm32f429i_discovery_lcd.o
                0x0000000008002c00                BSP_LCD_DrawPixel
 .text.FillBuffer
                0x0000000008002c4c       0x70 ./Drivers/BSP/stm32f429i_discovery_lcd.o
 .text.BSP_SDRAM_Init
                0x0000000008002cbc       0xbc ./Drivers/BSP/stm32f429i_discovery_sdram.o
                0x0000000008002cbc                BSP_SDRAM_Init
 .text.BSP_SDRAM_Initialization_sequence
                0x0000000008002d78       0xc0 ./Drivers/BSP/stm32f429i_discovery_sdram.o
                0x0000000008002d78                BSP_SDRAM_Initialization_sequence
 .text.BSP_SDRAM_MspInit
                0x0000000008002e38      0x218 ./Drivers/BSP/stm32f429i_discovery_sdram.o
                0x0000000008002e38                BSP_SDRAM_MspInit
 .text.HAL_Init
                0x0000000008003050       0x44 ./Drivers/STM32F4xx_HAL_Driver/Src/stm32f4xx_hal.o
                0x0000000008003050                HAL_Init
 .text.HAL_InitTick
                0x0000000008003094       0x60 ./Drivers/STM32F4xx_HAL_Driver/Src/stm32f4xx_hal.o
                0x0000000008003094                HAL_InitTick
 .text.HAL_IncTick
                0x00000000080030f4       0x28 ./Drivers/STM32F4xx_HAL_Driver/Src/stm32f4xx_hal.o
                0x00000000080030f4                HAL_IncTick
 .text.HAL_GetTick
                0x000000000800311c       0x18 ./Drivers/STM32F4xx_HAL_Driver/Src/stm32f4xx_hal.o
                0x000000000800311c                HAL_GetTick
 .text.HAL_Delay
                0x0000000008003134       0x48 ./Drivers/STM32F4xx_HAL_Driver/Src/stm32f4xx_hal.o
                0x0000000008003134                HAL_Delay
 .text.__NVIC_SetPriorityGrouping
                0x000000000800317c       0x48 ./Drivers/STM32F4xx_HAL_Driver/Src/stm32f4xx_hal_cortex.o
 .text.__NVIC_GetPriorityGrouping
                0x00000000080031c4       0x1c ./Drivers/STM32F4xx_HAL_Driver/Src/stm32f4xx_hal_cortex.o
 .text.__NVIC_EnableIRQ
                0x00000000080031e0       0x3c ./Drivers/STM32F4xx_HAL_Driver/Src/stm32f4xx_hal_cortex.o
 .text.__NVIC_SetPriority
                0x000000000800321c       0x54 ./Drivers/STM32F4xx_HAL_Driver/Src/stm32f4xx_hal_cortex.o
 .text.NVIC_EncodePriority
                0x0000000008003270       0x66 ./Drivers/STM32F4xx_HAL_Driver/Src/stm32f4xx_hal_cortex.o
 *fill*         0x00000000080032d6        0x2 
 .text.SysTick_Config
                0x00000000080032d8       0x44 ./Drivers/STM32F4xx_HAL_Driver/Src/stm32f4xx_hal_cortex.o
 .text.HAL_NVIC_SetPriorityGrouping
                0x000000000800331c       0x16 ./Drivers/STM32F4xx_HAL_Driver/Src/stm32f4xx_hal_cortex.o
                0x000000000800331c                HAL_NVIC_SetPriorityGrouping
 .text.HAL_NVIC_SetPriority
                0x0000000008003332       0x38 ./Drivers/STM32F4xx_HAL_Driver/Src/stm32f4xx_hal_cortex.o
                0x0000000008003332                HAL_NVIC_SetPriority
 .text.HAL_NVIC_EnableIRQ
                0x000000000800336a       0x1c ./Drivers/STM32F4xx_HAL_Driver/Src/stm32f4xx_hal_cortex.o
                0x000000000800336a                HAL_NVIC_EnableIRQ
 .text.HAL_SYSTICK_Config
                0x0000000008003386       0x18 ./Drivers/STM32F4xx_HAL_Driver/Src/stm32f4xx_hal_cortex.o
                0x0000000008003386                HAL_SYSTICK_Config
 *fill*         0x000000000800339e        0x2 
 .text.HAL_DMA_Init
                0x00000000080033a0      0x15c ./Drivers/STM32F4xx_HAL_Driver/Src/stm32f4xx_hal_dma.o
                0x00000000080033a0                HAL_DMA_Init
 .text.HAL_DMA_DeInit
                0x00000000080034fc       0xbc ./Drivers/STM32F4xx_HAL_Driver/Src/stm32f4xx_hal_dma.o
                0x00000000080034fc                HAL_DMA_DeInit
 .text.DMA_CalcBaseAndBitshift
                0x00000000080035b8       0x6c ./Drivers/STM32F4xx_HAL_Driver/Src/stm32f4xx_hal_dma.o
 .text.DMA_CheckFifoParam
                0x0000000008003624       0xf8 ./Drivers/STM32F4xx_HAL_Driver/Src/stm32f4xx_hal_dma.o
 .text.HAL_DMA2D_Init
                0x000000000800371c       0x92 ./Drivers/STM32F4xx_HAL_Driver/Src/stm32f4xx_hal_dma2d.o
                0x000000000800371c                HAL_DMA2D_Init
 .text.HAL_DMA2D_MspInit
                0x00000000080037ae       0x14 ./Drivers/STM32F4xx_HAL_Driver/Src/stm32f4xx_hal_dma2d.o
                0x00000000080037ae                HAL_DMA2D_MspInit
 .text.HAL_DMA2D_Start
                0x00000000080037c2       0x56 ./Drivers/STM32F4xx_HAL_Driver/Src/stm32f4xx_hal_dma2d.o
                0x00000000080037c2                HAL_DMA2D_Start
 .text.HAL_DMA2D_PollForTransfer
                0x0000000008003818      0x1d2 ./Drivers/STM32F4xx_HAL_Driver/Src/stm32f4xx_hal_dma2d.o
                0x0000000008003818                HAL_DMA2D_PollForTransfer
 *fill*         0x00000000080039ea        0x2 
 .text.HAL_DMA2D_ConfigLayer
                0x00000000080039ec      0x124 ./Drivers/STM32F4xx_HAL_Driver/Src/stm32f4xx_hal_dma2d.o
                0x00000000080039ec                HAL_DMA2D_ConfigLayer
 .text.DMA2D_SetConfig
                0x0000000008003b10      0x138 ./Drivers/STM32F4xx_HAL_Driver/Src/stm32f4xx_hal_dma2d.o
 .text.HAL_GPIO_Init
                0x0000000008003c48      0x358 ./Drivers/STM32F4xx_HAL_Driver/Src/stm32f4xx_hal_gpio.o
                0x0000000008003c48                HAL_GPIO_Init
 .text.HAL_GPIO_DeInit
                0x0000000008003fa0      0x218 ./Drivers/STM32F4xx_HAL_Driver/Src/stm32f4xx_hal_gpio.o
                0x0000000008003fa0                HAL_GPIO_DeInit
 .text.HAL_GPIO_WritePin
                0x00000000080041b8       0x32 ./Drivers/STM32F4xx_HAL_Driver/Src/stm32f4xx_hal_gpio.o
                0x00000000080041b8                HAL_GPIO_WritePin
 *fill*         0x00000000080041ea        0x2 
 .text.HAL_I2C_Init
                0x00000000080041ec      0x288 ./Drivers/STM32F4xx_HAL_Driver/Src/stm32f4xx_hal_i2c.o
                0x00000000080041ec                HAL_I2C_Init
 .text.HAL_I2CEx_ConfigAnalogFilter
                0x0000000008004474       0x78 ./Drivers/STM32F4xx_HAL_Driver/Src/stm32f4xx_hal_i2c_ex.o
                0x0000000008004474                HAL_I2CEx_ConfigAnalogFilter
 .text.HAL_I2CEx_ConfigDigitalFilter
                0x00000000080044ec       0x7e ./Drivers/STM32F4xx_HAL_Driver/Src/stm32f4xx_hal_i2c_ex.o
                0x00000000080044ec                HAL_I2CEx_ConfigDigitalFilter
 *fill*         0x000000000800456a        0x2 
 .text.HAL_LTDC_Init
                0x000000000800456c      0x1a0 ./Drivers/STM32F4xx_HAL_Driver/Src/stm32f4xx_hal_ltdc.o
                0x000000000800456c                HAL_LTDC_Init
 .text.HAL_LTDC_MspInit
                0x000000000800470c       0x14 ./Drivers/STM32F4xx_HAL_Driver/Src/stm32f4xx_hal_ltdc.o
                0x000000000800470c                HAL_LTDC_MspInit
 .text.HAL_LTDC_ConfigLayer
                0x0000000008004720       0x7c ./Drivers/STM32F4xx_HAL_Driver/Src/stm32f4xx_hal_ltdc.o
                0x0000000008004720                HAL_LTDC_ConfigLayer
 .text.HAL_LTDC_EnableDither
                0x000000000800479c       0x54 ./Drivers/STM32F4xx_HAL_Driver/Src/stm32f4xx_hal_ltdc.o
                0x000000000800479c                HAL_LTDC_EnableDither
 .text.LTDC_SetConfig
                0x00000000080047f0      0x32e ./Drivers/STM32F4xx_HAL_Driver/Src/stm32f4xx_hal_ltdc.o
 .text.HAL_PCD_Init
                0x0000000008004b1e      0x23a ./Drivers/STM32F4xx_HAL_Driver/Src/stm32f4xx_hal_pcd.o
                0x0000000008004b1e                HAL_PCD_Init
 .text.HAL_PCD_Start
                0x0000000008004d58       0x66 ./Drivers/STM32F4xx_HAL_Driver/Src/stm32f4xx_hal_pcd.o
                0x0000000008004d58                HAL_PCD_Start
 .text.HAL_PCD_IRQHandler
                0x0000000008004dbe      0x93e ./Drivers/STM32F4xx_HAL_Driver/Src/stm32f4xx_hal_pcd.o
                0x0000000008004dbe                HAL_PCD_IRQHandler
 .text.HAL_PCD_SetAddress
                0x00000000080056fc       0x4a ./Drivers/STM32F4xx_HAL_Driver/Src/stm32f4xx_hal_pcd.o
                0x00000000080056fc                HAL_PCD_SetAddress
 .text.HAL_PCD_EP_Open
                0x0000000008005746       0xd0 ./Drivers/STM32F4xx_HAL_Driver/Src/stm32f4xx_hal_pcd.o
                0x0000000008005746                HAL_PCD_EP_Open
 .text.HAL_PCD_EP_Close
                0x0000000008005816       0x94 ./Drivers/STM32F4xx_HAL_Driver/Src/stm32f4xx_hal_pcd.o
                0x0000000008005816                HAL_PCD_EP_Close
 .text.HAL_PCD_EP_Receive
                0x00000000080058aa       0x96 ./Drivers/STM32F4xx_HAL_Driver/Src/stm32f4xx_hal_pcd.o
                0x00000000080058aa                HAL_PCD_EP_Receive
 .text.HAL_PCD_EP_GetRxCount
                0x0000000008005940       0x30 ./Drivers/STM32F4xx_HAL_Driver/Src/stm32f4xx_hal_pcd.o
                0x0000000008005940                HAL_PCD_EP_GetRxCount
 .text.HAL_PCD_EP_Transmit
                0x0000000008005970       0x94 ./Drivers/STM32F4xx_HAL_Driver/Src/stm32f4xx_hal_pcd.o
                0x0000000008005970                HAL_PCD_EP_Transmit
 .text.HAL_PCD_EP_SetStall
                0x0000000008005a04       0xc8 ./Drivers/STM32F4xx_HAL_Driver/Src/stm32f4xx_hal_pcd.o
                0x0000000008005a04                HAL_PCD_EP_SetStall
 .text.HAL_PCD_EP_ClrStall
                0x0000000008005acc       0xac ./Drivers/STM32F4xx_HAL_Driver/Src/stm32f4xx_hal_pcd.o
                0x0000000008005acc                HAL_PCD_EP_ClrStall
 .text.HAL_PCD_EP_Abort
                0x0000000008005b78       0x62 ./Drivers/STM32F4xx_HAL_Driver/Src/stm32f4xx_hal_pcd.o
                0x0000000008005b78                HAL_PCD_EP_Abort
 .text.PCD_WriteEmptyTxFifo
                0x0000000008005bda      0x11a ./Drivers/STM32F4xx_HAL_Driver/Src/stm32f4xx_hal_pcd.o
 .text.PCD_EP_OutXfrComplete_int
                0x0000000008005cf4      0x1d0 ./Drivers/STM32F4xx_HAL_Driver/Src/stm32f4xx_hal_pcd.o
 .text.PCD_EP_OutSetupPacket_int
                0x0000000008005ec4       0x8c ./Drivers/STM32F4xx_HAL_Driver/Src/stm32f4xx_hal_pcd.o
 .text.HAL_PCDEx_SetTxFiFo
                0x0000000008005f50       0x8e ./Drivers/STM32F4xx_HAL_Driver/Src/stm32f4xx_hal_pcd_ex.o
                0x0000000008005f50                HAL_PCDEx_SetTxFiFo
 .text.HAL_PCDEx_SetRxFiFo
                0x0000000008005fde       0x22 ./Drivers/STM32F4xx_HAL_Driver/Src/stm32f4xx_hal_pcd_ex.o
                0x0000000008005fde                HAL_PCDEx_SetRxFiFo
 .text.HAL_PCDEx_LPM_Callback
                0x0000000008006000       0x18 ./Drivers/STM32F4xx_HAL_Driver/Src/stm32f4xx_hal_pcd_ex.o
                0x0000000008006000                HAL_PCDEx_LPM_Callback
 .text.HAL_PWREx_EnableOverDrive
                0x0000000008006018       0xa0 ./Drivers/STM32F4xx_HAL_Driver/Src/stm32f4xx_hal_pwr_ex.o
                0x0000000008006018                HAL_PWREx_EnableOverDrive
 .text.HAL_RCC_OscConfig
                0x00000000080060b8      0x4f0 ./Drivers/STM32F4xx_HAL_Driver/Src/stm32f4xx_hal_rcc.o
                0x00000000080060b8                HAL_RCC_OscConfig
 .text.HAL_RCC_ClockConfig
                0x00000000080065a8      0x1cc ./Drivers/STM32F4xx_HAL_Driver/Src/stm32f4xx_hal_rcc.o
                0x00000000080065a8                HAL_RCC_ClockConfig
 .text.HAL_RCC_GetSysClockFreq
                0x0000000008006774      0x20c ./Drivers/STM32F4xx_HAL_Driver/Src/stm32f4xx_hal_rcc.o
                0x0000000008006774                HAL_RCC_GetSysClockFreq
 .text.HAL_RCC_GetHCLKFreq
                0x0000000008006980       0x18 ./Drivers/STM32F4xx_HAL_Driver/Src/stm32f4xx_hal_rcc.o
                0x0000000008006980                HAL_RCC_GetHCLKFreq
 .text.HAL_RCC_GetPCLK1Freq
                0x0000000008006998       0x28 ./Drivers/STM32F4xx_HAL_Driver/Src/stm32f4xx_hal_rcc.o
                0x0000000008006998                HAL_RCC_GetPCLK1Freq
 .text.HAL_RCCEx_PeriphCLKConfig
                0x00000000080069c0      0x380 ./Drivers/STM32F4xx_HAL_Driver/Src/stm32f4xx_hal_rcc_ex.o
                0x00000000080069c0                HAL_RCCEx_PeriphCLKConfig
 .text.HAL_SDRAM_Init
                0x0000000008006d40       0x68 ./Drivers/STM32F4xx_HAL_Driver/Src/stm32f4xx_hal_sdram.o
                0x0000000008006d40                HAL_SDRAM_Init
 .text.HAL_SDRAM_MspInit
                0x0000000008006da8       0x14 ./Drivers/STM32F4xx_HAL_Driver/Src/stm32f4xx_hal_sdram.o
                0x0000000008006da8                HAL_SDRAM_MspInit
 .text.HAL_SDRAM_SendCommand
                0x0000000008006dbc       0x6a ./Drivers/STM32F4xx_HAL_Driver/Src/stm32f4xx_hal_sdram.o
                0x0000000008006dbc                HAL_SDRAM_SendCommand
 .text.HAL_SDRAM_ProgramRefreshRate
                0x0000000008006e26       0x50 ./Drivers/STM32F4xx_HAL_Driver/Src/stm32f4xx_hal_sdram.o
                0x0000000008006e26                HAL_SDRAM_ProgramRefreshRate
 .text.HAL_SPI_Init
                0x0000000008006e76      0x112 ./Drivers/STM32F4xx_HAL_Driver/Src/stm32f4xx_hal_spi.o
                0x0000000008006e76                HAL_SPI_Init
 .text.HAL_SPI_DeInit
                0x0000000008006f88       0x50 ./Drivers/STM32F4xx_HAL_Driver/Src/stm32f4xx_hal_spi.o
                0x0000000008006f88                HAL_SPI_DeInit
 .text.HAL_SPI_Transmit
                0x0000000008006fd8      0x278 ./Drivers/STM32F4xx_HAL_Driver/Src/stm32f4xx_hal_spi.o
                0x0000000008006fd8                HAL_SPI_Transmit
 .text.HAL_SPI_Receive
                0x0000000008007250      0x222 ./Drivers/STM32F4xx_HAL_Driver/Src/stm32f4xx_hal_spi.o
                0x0000000008007250                HAL_SPI_Receive
 .text.HAL_SPI_TransmitReceive
                0x0000000008007472      0x344 ./Drivers/STM32F4xx_HAL_Driver/Src/stm32f4xx_hal_spi.o
                0x0000000008007472                HAL_SPI_TransmitReceive
 .text.HAL_SPI_GetState
                0x00000000080077b6       0x1c ./Drivers/STM32F4xx_HAL_Driver/Src/stm32f4xx_hal_spi.o
                0x00000000080077b6                HAL_SPI_GetState
 *fill*         0x00000000080077d2        0x2 
 .text.SPI_WaitFlagStateUntilTimeout
                0x00000000080077d4      0x110 ./Drivers/STM32F4xx_HAL_Driver/Src/stm32f4xx_hal_spi.o
 .text.SPI_EndRxTransaction
                0x00000000080078e4       0xca ./Drivers/STM32F4xx_HAL_Driver/Src/stm32f4xx_hal_spi.o
 *fill*         0x00000000080079ae        0x2 
 .text.SPI_EndRxTxTransaction
                0x00000000080079b0       0x84 ./Drivers/STM32F4xx_HAL_Driver/Src/stm32f4xx_hal_spi.o
 .text.FMC_SDRAM_Init
                0x0000000008007a34       0xba ./Drivers/STM32F4xx_HAL_Driver/Src/stm32f4xx_ll_fmc.o
                0x0000000008007a34                FMC_SDRAM_Init
 .text.FMC_SDRAM_Timing_Init
                0x0000000008007aee       0xd2 ./Drivers/STM32F4xx_HAL_Driver/Src/stm32f4xx_ll_fmc.o
                0x0000000008007aee                FMC_SDRAM_Timing_Init
 .text.FMC_SDRAM_SendCommand
                0x0000000008007bc0       0x7a ./Drivers/STM32F4xx_HAL_Driver/Src/stm32f4xx_ll_fmc.o
                0x0000000008007bc0                FMC_SDRAM_SendCommand
 .text.FMC_SDRAM_ProgramRefreshRate
                0x0000000008007c3a       0x2e ./Drivers/STM32F4xx_HAL_Driver/Src/stm32f4xx_ll_fmc.o
                0x0000000008007c3a                FMC_SDRAM_ProgramRefreshRate
 .text.USB_CoreInit
                0x0000000008007c68       0xc2 ./Drivers/STM32F4xx_HAL_Driver/Src/stm32f4xx_ll_usb.o
                0x0000000008007c68                USB_CoreInit
 *fill*         0x0000000008007d2a        0x2 
 .text.USB_SetTurnaroundTime
                0x0000000008007d2c      0x144 ./Drivers/STM32F4xx_HAL_Driver/Src/stm32f4xx_ll_usb.o
                0x0000000008007d2c                USB_SetTurnaroundTime
 .text.USB_EnableGlobalInt
                0x0000000008007e70       0x22 ./Drivers/STM32F4xx_HAL_Driver/Src/stm32f4xx_ll_usb.o
                0x0000000008007e70                USB_EnableGlobalInt
 .text.USB_DisableGlobalInt
                0x0000000008007e92       0x22 ./Drivers/STM32F4xx_HAL_Driver/Src/stm32f4xx_ll_usb.o
                0x0000000008007e92                USB_DisableGlobalInt
 .text.USB_SetCurrentMode
                0x0000000008007eb4       0x98 ./Drivers/STM32F4xx_HAL_Driver/Src/stm32f4xx_ll_usb.o
                0x0000000008007eb4                USB_SetCurrentMode
 .text.USB_DevInit
                0x0000000008007f4c      0x2c8 ./Drivers/STM32F4xx_HAL_Driver/Src/stm32f4xx_ll_usb.o
                0x0000000008007f4c                USB_DevInit
 .text.USB_FlushTxFifo
                0x0000000008008214       0x68 ./Drivers/STM32F4xx_HAL_Driver/Src/stm32f4xx_ll_usb.o
                0x0000000008008214                USB_FlushTxFifo
 .text.USB_FlushRxFifo
                0x000000000800827c       0x60 ./Drivers/STM32F4xx_HAL_Driver/Src/stm32f4xx_ll_usb.o
                0x000000000800827c                USB_FlushRxFifo
 .text.USB_SetDevSpeed
                0x00000000080082dc       0x32 ./Drivers/STM32F4xx_HAL_Driver/Src/stm32f4xx_ll_usb.o
                0x00000000080082dc                USB_SetDevSpeed
 .text.USB_GetDevSpeed
                0x000000000800830e       0x4a ./Drivers/STM32F4xx_HAL_Driver/Src/stm32f4xx_ll_usb.o
                0x000000000800830e                USB_GetDevSpeed
 .text.USB_ActivateEndpoint
                0x0000000008008358      0x10e ./Drivers/STM32F4xx_HAL_Driver/Src/stm32f4xx_ll_usb.o
                0x0000000008008358                USB_ActivateEndpoint
 *fill*         0x0000000008008466        0x2 
 .text.USB_DeactivateEndpoint
                0x0000000008008468      0x1b8 ./Drivers/STM32F4xx_HAL_Driver/Src/stm32f4xx_ll_usb.o
                0x0000000008008468                USB_DeactivateEndpoint
 .text.USB_EPStartXfer
                0x0000000008008620      0x490 ./Drivers/STM32F4xx_HAL_Driver/Src/stm32f4xx_ll_usb.o
                0x0000000008008620                USB_EPStartXfer
 .text.USB_EP0StartXfer
                0x0000000008008ab0      0x2b0 ./Drivers/STM32F4xx_HAL_Driver/Src/stm32f4xx_ll_usb.o
                0x0000000008008ab0                USB_EP0StartXfer
 .text.USB_EPStopXfer
                0x0000000008008d60      0x154 ./Drivers/STM32F4xx_HAL_Driver/Src/stm32f4xx_ll_usb.o
                0x0000000008008d60                USB_EPStopXfer
 .text.USB_WritePacket
                0x0000000008008eb4       0x7c ./Drivers/STM32F4xx_HAL_Driver/Src/stm32f4xx_ll_usb.o
                0x0000000008008eb4                USB_WritePacket
 .text.USB_ReadPacket
                0x0000000008008f30       0xb0 ./Drivers/STM32F4xx_HAL_Driver/Src/stm32f4xx_ll_usb.o
                0x0000000008008f30                USB_ReadPacket
 .text.USB_EPSetStall
                0x0000000008008fe0       0xdc ./Drivers/STM32F4xx_HAL_Driver/Src/stm32f4xx_ll_usb.o
                0x0000000008008fe0                USB_EPSetStall
 .text.USB_EPClearStall
                0x00000000080090bc       0xcc ./Drivers/STM32F4xx_HAL_Driver/Src/stm32f4xx_ll_usb.o
                0x00000000080090bc                USB_EPClearStall
 .text.USB_SetDevAddress
                0x0000000008009188       0x4c ./Drivers/STM32F4xx_HAL_Driver/Src/stm32f4xx_ll_usb.o
                0x0000000008009188                USB_SetDevAddress
 .text.USB_DevConnect
                0x00000000080091d4       0x42 ./Drivers/STM32F4xx_HAL_Driver/Src/stm32f4xx_ll_usb.o
                0x00000000080091d4                USB_DevConnect
 .text.USB_DevDisconnect
                0x0000000008009216       0x42 ./Drivers/STM32F4xx_HAL_Driver/Src/stm32f4xx_ll_usb.o
                0x0000000008009216                USB_DevDisconnect
 .text.USB_ReadInterrupts
                0x0000000008009258       0x26 ./Drivers/STM32F4xx_HAL_Driver/Src/stm32f4xx_ll_usb.o
                0x0000000008009258                USB_ReadInterrupts
 .text.USB_ReadDevAllOutEpInterrupt
                0x000000000800927e       0x34 ./Drivers/STM32F4xx_HAL_Driver/Src/stm32f4xx_ll_usb.o
                0x000000000800927e                USB_ReadDevAllOutEpInterrupt
 .text.USB_ReadDevAllInEpInterrupt
                0x00000000080092b2       0x34 ./Drivers/STM32F4xx_HAL_Driver/Src/stm32f4xx_ll_usb.o
                0x00000000080092b2                USB_ReadDevAllInEpInterrupt
 .text.USB_ReadDevOutEPInterrupt
                0x00000000080092e6       0x3c ./Drivers/STM32F4xx_HAL_Driver/Src/stm32f4xx_ll_usb.o
                0x00000000080092e6                USB_ReadDevOutEPInterrupt
 .text.USB_ReadDevInEPInterrupt
                0x0000000008009322       0x5c ./Drivers/STM32F4xx_HAL_Driver/Src/stm32f4xx_ll_usb.o
                0x0000000008009322                USB_ReadDevInEPInterrupt
 .text.USB_GetMode
                0x000000000800937e       0x1c ./Drivers/STM32F4xx_HAL_Driver/Src/stm32f4xx_ll_usb.o
                0x000000000800937e                USB_GetMode
 .text.USB_ActivateSetup
                0x000000000800939a       0x46 ./Drivers/STM32F4xx_HAL_Driver/Src/stm32f4xx_ll_usb.o
                0x000000000800939a                USB_ActivateSetup
 .text.USB_EP0_OutStart
                0x00000000080093e0       0xbc ./Drivers/STM32F4xx_HAL_Driver/Src/stm32f4xx_ll_usb.o
                0x00000000080093e0                USB_EP0_OutStart
 .text.USB_CoreReset
                0x000000000800949c       0x68 ./Drivers/STM32F4xx_HAL_Driver/Src/stm32f4xx_ll_usb.o
 .text.USBD_CDC_Init
                0x0000000008009504      0x1f0 ./Middlewares/ST/STM32_USB_Device_Library/Class/CDC/Src/usbd_cdc.o
 .text.USBD_CDC_DeInit
                0x00000000080096f4      0x104 ./Middlewares/ST/STM32_USB_Device_Library/Class/CDC/Src/usbd_cdc.o
 .text.USBD_CDC_Setup
                0x00000000080097f8      0x1b8 ./Middlewares/ST/STM32_USB_Device_Library/Class/CDC/Src/usbd_cdc.o
 .text.USBD_CDC_DataIn
                0x00000000080099b0       0xfe ./Middlewares/ST/STM32_USB_Device_Library/Class/CDC/Src/usbd_cdc.o
 .text.USBD_CDC_DataOut
                0x0000000008009aae       0x70 ./Middlewares/ST/STM32_USB_Device_Library/Class/CDC/Src/usbd_cdc.o
 .text.USBD_CDC_EP0_RxReady
                0x0000000008009b1e       0x76 ./Middlewares/ST/STM32_USB_Device_Library/Class/CDC/Src/usbd_cdc.o
 .text.USBD_CDC_GetFSCfgDesc
                0x0000000008009b94       0x70 ./Middlewares/ST/STM32_USB_Device_Library/Class/CDC/Src/usbd_cdc.o
 .text.USBD_CDC_GetHSCfgDesc
                0x0000000008009c04       0x70 ./Middlewares/ST/STM32_USB_Device_Library/Class/CDC/Src/usbd_cdc.o
 .text.USBD_CDC_GetOtherSpeedCfgDesc
                0x0000000008009c74       0x70 ./Middlewares/ST/STM32_USB_Device_Library/Class/CDC/Src/usbd_cdc.o
 .text.USBD_CDC_GetDeviceQualifierDescriptor
                0x0000000008009ce4       0x20 ./Middlewares/ST/STM32_USB_Device_Library/Class/CDC/Src/usbd_cdc.o
                0x0000000008009ce4                USBD_CDC_GetDeviceQualifierDescriptor
 .text.USBD_CDC_RegisterInterface
                0x0000000008009d04       0x34 ./Middlewares/ST/STM32_USB_Device_Library/Class/CDC/Src/usbd_cdc.o
                0x0000000008009d04                USBD_CDC_RegisterInterface
 .text.USBD_CDC_SetTxBuffer
                0x0000000008009d38       0x44 ./Middlewares/ST/STM32_USB_Device_Library/Class/CDC/Src/usbd_cdc.o
                0x0000000008009d38                USBD_CDC_SetTxBuffer
 .text.USBD_CDC_SetRxBuffer
                0x0000000008009d7c       0x3a ./Middlewares/ST/STM32_USB_Device_Library/Class/CDC/Src/usbd_cdc.o
                0x0000000008009d7c                USBD_CDC_SetRxBuffer
 *fill*         0x0000000008009db6        0x2 
 .text.USBD_CDC_TransmitPacket
                0x0000000008009db8       0x8c ./Middlewares/ST/STM32_USB_Device_Library/Class/CDC/Src/usbd_cdc.o
                0x0000000008009db8                USBD_CDC_TransmitPacket
 .text.USBD_CDC_ReceivePacket
                0x0000000008009e44       0x6c ./Middlewares/ST/STM32_USB_Device_Library/Class/CDC/Src/usbd_cdc.o
                0x0000000008009e44                USBD_CDC_ReceivePacket
 .text.USBD_Init
                0x0000000008009eb0       0x60 ./Middlewares/ST/STM32_USB_Device_Library/Core/Src/usbd_core.o
                0x0000000008009eb0                USBD_Init
 .text.USBD_RegisterClass
                0x0000000008009f10       0x6c ./Middlewares/ST/STM32_USB_Device_Library/Core/Src/usbd_core.o
                0x0000000008009f10                USBD_RegisterClass
 .text.USBD_Start
                0x0000000008009f7c       0x18 ./Middlewares/ST/STM32_USB_Device_Library/Core/Src/usbd_core.o
                0x0000000008009f7c                USBD_Start
 .text.USBD_RunTestMode
                0x0000000008009f94       0x16 ./Middlewares/ST/STM32_USB_Device_Library/Core/Src/usbd_core.o
                0x0000000008009f94                USBD_RunTestMode
 .text.USBD_SetClassConfig
                0x0000000008009faa       0x38 ./Middlewares/ST/STM32_USB_Device_Library/Core/Src/usbd_core.o
                0x0000000008009faa                USBD_SetClassConfig
 .text.USBD_ClrClassConfig
                0x0000000008009fe2       0x34 ./Middlewares/ST/STM32_USB_Device_Library/Core/Src/usbd_core.o
                0x0000000008009fe2                USBD_ClrClassConfig
 .text.USBD_LL_SetupStage
                0x000000000800a016       0xaa ./Middlewares/ST/STM32_USB_Device_Library/Core/Src/usbd_core.o
                0x000000000800a016                USBD_LL_SetupStage
 .text.USBD_LL_DataOutStage
                0x000000000800a0c0      0x166 ./Middlewares/ST/STM32_USB_Device_Library/Core/Src/usbd_core.o
                0x000000000800a0c0                USBD_LL_DataOutStage
 .text.USBD_LL_DataInStage
                0x000000000800a226      0x164 ./Middlewares/ST/STM32_USB_Device_Library/Core/Src/usbd_core.o
                0x000000000800a226                USBD_LL_DataInStage
 .text.USBD_LL_Reset
                0x000000000800a38a       0xa4 ./Middlewares/ST/STM32_USB_Device_Library/Core/Src/usbd_core.o
                0x000000000800a38a                USBD_LL_Reset
 .text.USBD_LL_SetSpeed
                0x000000000800a42e       0x20 ./Middlewares/ST/STM32_USB_Device_Library/Core/Src/usbd_core.o
                0x000000000800a42e                USBD_LL_SetSpeed
 .text.USBD_LL_Suspend
                0x000000000800a44e       0x2c ./Middlewares/ST/STM32_USB_Device_Library/Core/Src/usbd_core.o
                0x000000000800a44e                USBD_LL_Suspend
 .text.USBD_LL_Resume
                0x000000000800a47a       0x30 ./Middlewares/ST/STM32_USB_Device_Library/Core/Src/usbd_core.o
                0x000000000800a47a                USBD_LL_Resume
 .text.USBD_LL_SOF
                0x000000000800a4aa       0x40 ./Middlewares/ST/STM32_USB_Device_Library/Core/Src/usbd_core.o
                0x000000000800a4aa                USBD_LL_SOF
 .text.USBD_LL_IsoINIncomplete
                0x000000000800a4ea       0x64 ./Middlewares/ST/STM32_USB_Device_Library/Core/Src/usbd_core.o
                0x000000000800a4ea                USBD_LL_IsoINIncomplete
 .text.USBD_LL_IsoOUTIncomplete
                0x000000000800a54e       0x64 ./Middlewares/ST/STM32_USB_Device_Library/Core/Src/usbd_core.o
                0x000000000800a54e                USBD_LL_IsoOUTIncomplete
 .text.USBD_LL_DevConnected
                0x000000000800a5b2       0x16 ./Middlewares/ST/STM32_USB_Device_Library/Core/Src/usbd_core.o
                0x000000000800a5b2                USBD_LL_DevConnected
 .text.USBD_LL_DevDisconnected
                0x000000000800a5c8       0x46 ./Middlewares/ST/STM32_USB_Device_Library/Core/Src/usbd_core.o
                0x000000000800a5c8                USBD_LL_DevDisconnected
 .text.USBD_CoreFindIF
                0x000000000800a60e       0x1a ./Middlewares/ST/STM32_USB_Device_Library/Core/Src/usbd_core.o
                0x000000000800a60e                USBD_CoreFindIF
 .text.USBD_CoreFindEP
                0x000000000800a628       0x1a ./Middlewares/ST/STM32_USB_Device_Library/Core/Src/usbd_core.o
                0x000000000800a628                USBD_CoreFindEP
 .text.USBD_GetEpDesc
                0x000000000800a642       0x74 ./Middlewares/ST/STM32_USB_Device_Library/Core/Src/usbd_core.o
                0x000000000800a642                USBD_GetEpDesc
 .text.USBD_GetNextDesc
                0x000000000800a6b6       0x3a ./Middlewares/ST/STM32_USB_Device_Library/Core/Src/usbd_core.o
                0x000000000800a6b6                USBD_GetNextDesc
 .text.SWAPBYTE
                0x000000000800a6f0       0x3c ./Middlewares/ST/STM32_USB_Device_Library/Core/Src/usbd_ctlreq.o
 .text.USBD_StdDevReq
                0x000000000800a72c       0xe4 ./Middlewares/ST/STM32_USB_Device_Library/Core/Src/usbd_ctlreq.o
                0x000000000800a72c                USBD_StdDevReq
 .text.USBD_StdItfReq
                0x000000000800a810       0xd8 ./Middlewares/ST/STM32_USB_Device_Library/Core/Src/usbd_ctlreq.o
                0x000000000800a810                USBD_StdItfReq
 .text.USBD_StdEPReq
                0x000000000800a8e8      0x33a ./Middlewares/ST/STM32_USB_Device_Library/Core/Src/usbd_ctlreq.o
                0x000000000800a8e8                USBD_StdEPReq
 *fill*         0x000000000800ac22        0x2 
 .text.USBD_GetDescriptor
                0x000000000800ac24      0x2d4 ./Middlewares/ST/STM32_USB_Device_Library/Core/Src/usbd_ctlreq.o
 .text.USBD_SetAddress
                0x000000000800aef8       0x88 ./Middlewares/ST/STM32_USB_Device_Library/Core/Src/usbd_ctlreq.o
 .text.USBD_SetConfig
                0x000000000800af80      0x154 ./Middlewares/ST/STM32_USB_Device_Library/Core/Src/usbd_ctlreq.o
 .text.USBD_GetConfig
                0x000000000800b0d4       0x6c ./Middlewares/ST/STM32_USB_Device_Library/Core/Src/usbd_ctlreq.o
 .text.USBD_GetStatus
                0x000000000800b140       0x68 ./Middlewares/ST/STM32_USB_Device_Library/Core/Src/usbd_ctlreq.o
 .text.USBD_SetFeature
                0x000000000800b1a8       0x52 ./Middlewares/ST/STM32_USB_Device_Library/Core/Src/usbd_ctlreq.o
 .text.USBD_ClrFeature
                0x000000000800b1fa       0x44 ./Middlewares/ST/STM32_USB_Device_Library/Core/Src/usbd_ctlreq.o
 .text.USBD_ParseSetupRequest
                0x000000000800b23e       0x74 ./Middlewares/ST/STM32_USB_Device_Library/Core/Src/usbd_ctlreq.o
                0x000000000800b23e                USBD_ParseSetupRequest
 .text.USBD_CtlError
                0x000000000800b2b2       0x22 ./Middlewares/ST/STM32_USB_Device_Library/Core/Src/usbd_ctlreq.o
                0x000000000800b2b2                USBD_CtlError
 .text.USBD_GetString
                0x000000000800b2d4       0x8c ./Middlewares/ST/STM32_USB_Device_Library/Core/Src/usbd_ctlreq.o
                0x000000000800b2d4                USBD_GetString
 .text.USBD_GetLen
                0x000000000800b360       0x34 ./Middlewares/ST/STM32_USB_Device_Library/Core/Src/usbd_ctlreq.o
 .text.USBD_CtlSendData
                0x000000000800b394       0x36 ./Middlewares/ST/STM32_USB_Device_Library/Core/Src/usbd_ioreq.o
                0x000000000800b394                USBD_CtlSendData
 .text.USBD_CtlContinueSendData
                0x000000000800b3ca       0x22 ./Middlewares/ST/STM32_USB_Device_Library/Core/Src/usbd_ioreq.o
                0x000000000800b3ca                USBD_CtlContinueSendData
 .text.USBD_CtlPrepareRx
                0x000000000800b3ec       0x3a ./Middlewares/ST/STM32_USB_Device_Library/Core/Src/usbd_ioreq.o
                0x000000000800b3ec                USBD_CtlPrepareRx
 .text.USBD_CtlContinueRx
                0x000000000800b426       0x22 ./Middlewares/ST/STM32_USB_Device_Library/Core/Src/usbd_ioreq.o
                0x000000000800b426                USBD_CtlContinueRx
 .text.USBD_CtlSendStatus
                0x000000000800b448       0x26 ./Middlewares/ST/STM32_USB_Device_Library/Core/Src/usbd_ioreq.o
                0x000000000800b448                USBD_CtlSendStatus
 .text.USBD_CtlReceiveStatus
                0x000000000800b46e       0x26 ./Middlewares/ST/STM32_USB_Device_Library/Core/Src/usbd_ioreq.o
                0x000000000800b46e                USBD_CtlReceiveStatus
 .text.MX_USB_DEVICE_Init
                0x000000000800b494       0x60 ./USB_DEVICE/App/usb_device.o
                0x000000000800b494                MX_USB_DEVICE_Init
 .text.CDC_Init_FS
                0x000000000800b4f4       0x28 ./USB_DEVICE/App/usbd_cdc_if.o
 .text.CDC_DeInit_FS
                0x000000000800b51c       0x10 ./USB_DEVICE/App/usbd_cdc_if.o
 .text.CDC_Control_FS
                0x000000000800b52c       0xbc ./USB_DEVICE/App/usbd_cdc_if.o
 .text.CDC_Receive_FS
                0x000000000800b5e8       0x28 ./USB_DEVICE/App/usbd_cdc_if.o
 .text.CDC_Transmit_FS
                0x000000000800b610       0x4c ./USB_DEVICE/App/usbd_cdc_if.o
                0x000000000800b610                CDC_Transmit_FS
 .text.CDC_TransmitCplt_FS
                0x000000000800b65c       0x22 ./USB_DEVICE/App/usbd_cdc_if.o
 *fill*         0x000000000800b67e        0x2 
 .text.USBD_FS_DeviceDescriptor
                0x000000000800b680       0x24 ./USB_DEVICE/App/usbd_desc.o
                0x000000000800b680                USBD_FS_DeviceDescriptor
 .text.USBD_FS_LangIDStrDescriptor
                0x000000000800b6a4       0x24 ./USB_DEVICE/App/usbd_desc.o
                0x000000000800b6a4                USBD_FS_LangIDStrDescriptor
 .text.USBD_FS_ProductStrDescriptor
                0x000000000800b6c8       0x3c ./USB_DEVICE/App/usbd_desc.o
                0x000000000800b6c8                USBD_FS_ProductStrDescriptor
 .text.USBD_FS_ManufacturerStrDescriptor
                0x000000000800b704       0x28 ./USB_DEVICE/App/usbd_desc.o
                0x000000000800b704                USBD_FS_ManufacturerStrDescriptor
 .text.USBD_FS_SerialStrDescriptor
                0x000000000800b72c       0x24 ./USB_DEVICE/App/usbd_desc.o
                0x000000000800b72c                USBD_FS_SerialStrDescriptor
 .text.USBD_FS_ConfigStrDescriptor
                0x000000000800b750       0x3c ./USB_DEVICE/App/usbd_desc.o
                0x000000000800b750                USBD_FS_ConfigStrDescriptor
 .text.USBD_FS_InterfaceStrDescriptor
                0x000000000800b78c       0x3c ./USB_DEVICE/App/usbd_desc.o
                0x000000000800b78c                USBD_FS_InterfaceStrDescriptor
 .text.Get_SerialNum
                0x000000000800b7c8       0x58 ./USB_DEVICE/App/usbd_desc.o
 .text.IntToUnicode
                0x000000000800b820       0x7e ./USB_DEVICE/App/usbd_desc.o
 *fill*         0x000000000800b89e        0x2 
 .text.HAL_PCD_MspInit
                0x000000000800b8a0       0xa8 ./USB_DEVICE/Target/usbd_conf.o
                0x000000000800b8a0                HAL_PCD_MspInit
 .text.HAL_PCD_SetupStageCallback
                0x000000000800b948       0x24 ./USB_DEVICE/Target/usbd_conf.o
                0x000000000800b948                HAL_PCD_SetupStageCallback
 .text.HAL_PCD_DataOutStageCallback
                0x000000000800b96c       0x36 ./USB_DEVICE/Target/usbd_conf.o
                0x000000000800b96c                HAL_PCD_DataOutStageCallback
 .text.HAL_PCD_DataInStageCallback
                0x000000000800b9a2       0x34 ./USB_DEVICE/Target/usbd_conf.o
                0x000000000800b9a2                HAL_PCD_DataInStageCallback
 .text.HAL_PCD_SOFCallback
                0x000000000800b9d6       0x1c ./USB_DEVICE/Target/usbd_conf.o
                0x000000000800b9d6                HAL_PCD_SOFCallback
 .text.HAL_PCD_ResetCallback
                0x000000000800b9f2       0x50 ./USB_DEVICE/Target/usbd_conf.o
                0x000000000800b9f2                HAL_PCD_ResetCallback
 *fill*         0x000000000800ba42        0x2 
 .text.HAL_PCD_SuspendCallback
                0x000000000800ba44       0x4c ./USB_DEVICE/Target/usbd_conf.o
                0x000000000800ba44                HAL_PCD_SuspendCallback
 .text.HAL_PCD_ResumeCallback
                0x000000000800ba90       0x1c ./USB_DEVICE/Target/usbd_conf.o
                0x000000000800ba90                HAL_PCD_ResumeCallback
 .text.HAL_PCD_ISOOUTIncompleteCallback
                0x000000000800baac       0x24 ./USB_DEVICE/Target/usbd_conf.o
                0x000000000800baac                HAL_PCD_ISOOUTIncompleteCallback
 .text.HAL_PCD_ISOINIncompleteCallback
                0x000000000800bad0       0x24 ./USB_DEVICE/Target/usbd_conf.o
                0x000000000800bad0                HAL_PCD_ISOINIncompleteCallback
 .text.HAL_PCD_ConnectCallback
                0x000000000800baf4       0x1c ./USB_DEVICE/Target/usbd_conf.o
                0x000000000800baf4                HAL_PCD_ConnectCallback
 .text.HAL_PCD_DisconnectCallback
                0x000000000800bb10       0x1c ./USB_DEVICE/Target/usbd_conf.o
                0x000000000800bb10                HAL_PCD_DisconnectCallback
 .text.USBD_LL_Init
                0x000000000800bb2c       0x98 ./USB_DEVICE/Target/usbd_conf.o
                0x000000000800bb2c                USBD_LL_Init
 .text.USBD_LL_Start
                0x000000000800bbc4       0x36 ./USB_DEVICE/Target/usbd_conf.o
                0x000000000800bbc4                USBD_LL_Start
 .text.USBD_LL_OpenEP
                0x000000000800bbfa       0x4c ./USB_DEVICE/Target/usbd_conf.o
                0x000000000800bbfa                USBD_LL_OpenEP
 .text.USBD_LL_CloseEP
                0x000000000800bc46       0x3e ./USB_DEVICE/Target/usbd_conf.o
                0x000000000800bc46                USBD_LL_CloseEP
 .text.USBD_LL_StallEP
                0x000000000800bc84       0x3e ./USB_DEVICE/Target/usbd_conf.o
                0x000000000800bc84                USBD_LL_StallEP
 .text.USBD_LL_ClearStallEP
                0x000000000800bcc2       0x3e ./USB_DEVICE/Target/usbd_conf.o
                0x000000000800bcc2                USBD_LL_ClearStallEP
 .text.USBD_LL_IsStallEP
                0x000000000800bd00       0x58 ./USB_DEVICE/Target/usbd_conf.o
                0x000000000800bd00                USBD_LL_IsStallEP
 .text.USBD_LL_SetUSBAddress
                0x000000000800bd58       0x3e ./USB_DEVICE/Target/usbd_conf.o
                0x000000000800bd58                USBD_LL_SetUSBAddress
 .text.USBD_LL_Transmit
                0x000000000800bd96       0x42 ./USB_DEVICE/Target/usbd_conf.o
                0x000000000800bd96                USBD_LL_Transmit
 .text.USBD_LL_PrepareReceive
                0x000000000800bdd8       0x42 ./USB_DEVICE/Target/usbd_conf.o
                0x000000000800bdd8                USBD_LL_PrepareReceive
 .text.USBD_LL_GetRxDataSize
                0x000000000800be1a       0x26 ./USB_DEVICE/Target/usbd_conf.o
                0x000000000800be1a                USBD_LL_GetRxDataSize
 .text.USBD_static_malloc
                0x000000000800be40       0x1c ./USB_DEVICE/Target/usbd_conf.o
                0x000000000800be40                USBD_static_malloc
 .text.USBD_static_free
                0x000000000800be5c       0x14 ./USB_DEVICE/Target/usbd_conf.o
                0x000000000800be5c                USBD_static_free
 .text.USBD_Get_USB_Status
                0x000000000800be70       0x58 ./USB_DEVICE/Target/usbd_conf.o
                0x000000000800be70                USBD_Get_USB_Status
 .text.__cvt    0x000000000800bec8       0xc4 C:/ST/STM32CubeIDE_1.13.2/STM32CubeIDE/plugins/com.st.stm32cube.ide.mcu.externaltools.gnu-tools-for-stm32.11.3.rel1.win32_1.1.1.202309131626/tools/bin/../lib/gcc/arm-none-eabi/11.3.1/../../../../arm-none-eabi/lib/thumb/v7e-m+fp/hard\libc_nano.a(libc_a-nano-vfprintf_float.o)
                0x000000000800bec8                __cvt
 .text.__exponent
                0x000000000800bf8c       0x7c C:/ST/STM32CubeIDE_1.13.2/STM32CubeIDE/plugins/com.st.stm32cube.ide.mcu.externaltools.gnu-tools-for-stm32.11.3.rel1.win32_1.1.1.202309131626/tools/bin/../lib/gcc/arm-none-eabi/11.3.1/../../../../arm-none-eabi/lib/thumb/v7e-m+fp/hard\libc_nano.a(libc_a-nano-vfprintf_float.o)
                0x000000000800bf8c                __exponent
 .text._printf_float
                0x000000000800c008      0x46c C:/ST/STM32CubeIDE_1.13.2/STM32CubeIDE/plugins/com.st.stm32cube.ide.mcu.externaltools.gnu-tools-for-stm32.11.3.rel1.win32_1.1.1.202309131626/tools/bin/../lib/gcc/arm-none-eabi/11.3.1/../../../../arm-none-eabi/lib/thumb/v7e-m+fp/hard\libc_nano.a(libc_a-nano-vfprintf_float.o)
                0x000000000800c008                _printf_float
 .text._printf_common
                0x000000000800c474       0xda C:/ST/STM32CubeIDE_1.13.2/STM32CubeIDE/plugins/com.st.stm32cube.ide.mcu.externaltools.gnu-tools-for-stm32.11.3.rel1.win32_1.1.1.202309131626/tools/bin/../lib/gcc/arm-none-eabi/11.3.1/../../../../arm-none-eabi/lib/thumb/v7e-m+fp/hard\libc_nano.a(libc_a-nano-vfprintf_i.o)
                0x000000000800c474                _printf_common
 *fill*         0x000000000800c54e        0x2 
 .text._printf_i
                0x000000000800c550      0x244 C:/ST/STM32CubeIDE_1.13.2/STM32CubeIDE/plugins/com.st.stm32cube.ide.mcu.externaltools.gnu-tools-for-stm32.11.3.rel1.win32_1.1.1.202309131626/tools/bin/../lib/gcc/arm-none-eabi/11.3.1/../../../../arm-none-eabi/lib/thumb/v7e-m+fp/hard\libc_nano.a(libc_a-nano-vfprintf_i.o)
                0x000000000800c550                _printf_i
 .text.std      0x000000000800c794       0x6c C:/ST/STM32CubeIDE_1.13.2/STM32CubeIDE/plugins/com.st.stm32cube.ide.mcu.externaltools.gnu-tools-for-stm32.11.3.rel1.win32_1.1.1.202309131626/tools/bin/../lib/gcc/arm-none-eabi/11.3.1/../../../../arm-none-eabi/lib/thumb/v7e-m+fp/hard\libc_nano.a(libc_a-findfp.o)
 .text.stdio_exit_handler
                0x000000000800c800       0x18 C:/ST/STM32CubeIDE_1.13.2/STM32CubeIDE/plugins/com.st.stm32cube.ide.mcu.externaltools.gnu-tools-for-stm32.11.3.rel1.win32_1.1.1.202309131626/tools/bin/../lib/gcc/arm-none-eabi/11.3.1/../../../../arm-none-eabi/lib/thumb/v7e-m+fp/hard\libc_nano.a(libc_a-findfp.o)
 .text.cleanup_stdio
                0x000000000800c818       0x40 C:/ST/STM32CubeIDE_1.13.2/STM32CubeIDE/plugins/com.st.stm32cube.ide.mcu.externaltools.gnu-tools-for-stm32.11.3.rel1.win32_1.1.1.202309131626/tools/bin/../lib/gcc/arm-none-eabi/11.3.1/../../../../arm-none-eabi/lib/thumb/v7e-m+fp/hard\libc_nano.a(libc_a-findfp.o)
 .text.global_stdio_init.part.0
                0x000000000800c858       0x3c C:/ST/STM32CubeIDE_1.13.2/STM32CubeIDE/plugins/com.st.stm32cube.ide.mcu.externaltools.gnu-tools-for-stm32.11.3.rel1.win32_1.1.1.202309131626/tools/bin/../lib/gcc/arm-none-eabi/11.3.1/../../../../arm-none-eabi/lib/thumb/v7e-m+fp/hard\libc_nano.a(libc_a-findfp.o)
 .text.__sfp_lock_acquire
                0x000000000800c894        0xc C:/ST/STM32CubeIDE_1.13.2/STM32CubeIDE/plugins/com.st.stm32cube.ide.mcu.externaltools.gnu-tools-for-stm32.11.3.rel1.win32_1.1.1.202309131626/tools/bin/../lib/gcc/arm-none-eabi/11.3.1/../../../../arm-none-eabi/lib/thumb/v7e-m+fp/hard\libc_nano.a(libc_a-findfp.o)
                0x000000000800c894                __sfp_lock_acquire
 .text.__sfp_lock_release
                0x000000000800c8a0        0xc C:/ST/STM32CubeIDE_1.13.2/STM32CubeIDE/plugins/com.st.stm32cube.ide.mcu.externaltools.gnu-tools-for-stm32.11.3.rel1.win32_1.1.1.202309131626/tools/bin/../lib/gcc/arm-none-eabi/11.3.1/../../../../arm-none-eabi/lib/thumb/v7e-m+fp/hard\libc_nano.a(libc_a-findfp.o)
                0x000000000800c8a0                __sfp_lock_release
 .text.__sinit  0x000000000800c8ac       0x30 C:/ST/STM32CubeIDE_1.13.2/STM32CubeIDE/plugins/com.st.stm32cube.ide.mcu.externaltools.gnu-tools-for-stm32.11.3.rel1.win32_1.1.1.202309131626/tools/bin/../lib/gcc/arm-none-eabi/11.3.1/../../../../arm-none-eabi/lib/thumb/v7e-m+fp/hard\libc_nano.a(libc_a-findfp.o)
                0x000000000800c8ac                __sinit
 .text._fwalk_sglue
                0x000000000800c8dc       0x3c C:/ST/STM32CubeIDE_1.13.2/STM32CubeIDE/plugins/com.st.stm32cube.ide.mcu.externaltools.gnu-tools-for-stm32.11.3.rel1.win32_1.1.1.202309131626/tools/bin/../lib/gcc/arm-none-eabi/11.3.1/../../../../arm-none-eabi/lib/thumb/v7e-m+fp/hard\libc_nano.a(libc_a-fwalk.o)
                0x000000000800c8dc                _fwalk_sglue
 .text.sprintf  0x000000000800c918       0x40 C:/ST/STM32CubeIDE_1.13.2/STM32CubeIDE/plugins/com.st.stm32cube.ide.mcu.externaltools.gnu-tools-for-stm32.11.3.rel1.win32_1.1.1.202309131626/tools/bin/../lib/gcc/arm-none-eabi/11.3.1/../../../../arm-none-eabi/lib/thumb/v7e-m+fp/hard\libc_nano.a(libc_a-sprintf.o)
                0x000000000800c918                siprintf
                0x000000000800c918                sprintf
 .text.__sread  0x000000000800c958       0x22 C:/ST/STM32CubeIDE_1.13.2/STM32CubeIDE/plugins/com.st.stm32cube.ide.mcu.externaltools.gnu-tools-for-stm32.11.3.rel1.win32_1.1.1.202309131626/tools/bin/../lib/gcc/arm-none-eabi/11.3.1/../../../../arm-none-eabi/lib/thumb/v7e-m+fp/hard\libc_nano.a(libc_a-stdio.o)
                0x000000000800c958                __sread
 .text.__swrite
                0x000000000800c97a       0x38 C:/ST/STM32CubeIDE_1.13.2/STM32CubeIDE/plugins/com.st.stm32cube.ide.mcu.externaltools.gnu-tools-for-stm32.11.3.rel1.win32_1.1.1.202309131626/tools/bin/../lib/gcc/arm-none-eabi/11.3.1/../../../../arm-none-eabi/lib/thumb/v7e-m+fp/hard\libc_nano.a(libc_a-stdio.o)
                0x000000000800c97a                __swrite
 .text.__sseek  0x000000000800c9b2       0x24 C:/ST/STM32CubeIDE_1.13.2/STM32CubeIDE/plugins/com.st.stm32cube.ide.mcu.externaltools.gnu-tools-for-stm32.11.3.rel1.win32_1.1.1.202309131626/tools/bin/../lib/gcc/arm-none-eabi/11.3.1/../../../../arm-none-eabi/lib/thumb/v7e-m+fp/hard\libc_nano.a(libc_a-stdio.o)
                0x000000000800c9b2                __sseek
 .text.__sclose
                0x000000000800c9d6        0x8 C:/ST/STM32CubeIDE_1.13.2/STM32CubeIDE/plugins/com.st.stm32cube.ide.mcu.externaltools.gnu-tools-for-stm32.11.3.rel1.win32_1.1.1.202309131626/tools/bin/../lib/gcc/arm-none-eabi/11.3.1/../../../../arm-none-eabi/lib/thumb/v7e-m+fp/hard\libc_nano.a(libc_a-stdio.o)
                0x000000000800c9d6                __sclose
 .text.memset   0x000000000800c9de       0x10 C:/ST/STM32CubeIDE_1.13.2/STM32CubeIDE/plugins/com.st.stm32cube.ide.mcu.externaltools.gnu-tools-for-stm32.11.3.rel1.win32_1.1.1.202309131626/tools/bin/../lib/gcc/arm-none-eabi/11.3.1/../../../../arm-none-eabi/lib/thumb/v7e-m+fp/hard\libc_nano.a(libc_a-memset.o)
                0x000000000800c9de                memset
 *fill*         0x000000000800c9ee        0x2 
 .text._localeconv_r
                0x000000000800c9f0        0x8 C:/ST/STM32CubeIDE_1.13.2/STM32CubeIDE/plugins/com.st.stm32cube.ide.mcu.externaltools.gnu-tools-for-stm32.11.3.rel1.win32_1.1.1.202309131626/tools/bin/../lib/gcc/arm-none-eabi/11.3.1/../../../../arm-none-eabi/lib/thumb/v7e-m+fp/hard\libc_nano.a(libc_a-localeconv.o)
                0x000000000800c9f0                _localeconv_r
 .text._close_r
                0x000000000800c9f8       0x20 C:/ST/STM32CubeIDE_1.13.2/STM32CubeIDE/plugins/com.st.stm32cube.ide.mcu.externaltools.gnu-tools-for-stm32.11.3.rel1.win32_1.1.1.202309131626/tools/bin/../lib/gcc/arm-none-eabi/11.3.1/../../../../arm-none-eabi/lib/thumb/v7e-m+fp/hard\libc_nano.a(libc_a-closer.o)
                0x000000000800c9f8                _close_r
 .text._lseek_r
                0x000000000800ca18       0x24 C:/ST/STM32CubeIDE_1.13.2/STM32CubeIDE/plugins/com.st.stm32cube.ide.mcu.externaltools.gnu-tools-for-stm32.11.3.rel1.win32_1.1.1.202309131626/tools/bin/../lib/gcc/arm-none-eabi/11.3.1/../../../../arm-none-eabi/lib/thumb/v7e-m+fp/hard\libc_nano.a(libc_a-lseekr.o)
                0x000000000800ca18                _lseek_r
 .text._read_r  0x000000000800ca3c       0x24 C:/ST/STM32CubeIDE_1.13.2/STM32CubeIDE/plugins/com.st.stm32cube.ide.mcu.externaltools.gnu-tools-for-stm32.11.3.rel1.win32_1.1.1.202309131626/tools/bin/../lib/gcc/arm-none-eabi/11.3.1/../../../../arm-none-eabi/lib/thumb/v7e-m+fp/hard\libc_nano.a(libc_a-readr.o)
                0x000000000800ca3c                _read_r
 .text._write_r
                0x000000000800ca60       0x24 C:/ST/STM32CubeIDE_1.13.2/STM32CubeIDE/plugins/com.st.stm32cube.ide.mcu.externaltools.gnu-tools-for-stm32.11.3.rel1.win32_1.1.1.202309131626/tools/bin/../lib/gcc/arm-none-eabi/11.3.1/../../../../arm-none-eabi/lib/thumb/v7e-m+fp/hard\libc_nano.a(libc_a-writer.o)
                0x000000000800ca60                _write_r
 .text.__errno  0x000000000800ca84        0xc C:/ST/STM32CubeIDE_1.13.2/STM32CubeIDE/plugins/com.st.stm32cube.ide.mcu.externaltools.gnu-tools-for-stm32.11.3.rel1.win32_1.1.1.202309131626/tools/bin/../lib/gcc/arm-none-eabi/11.3.1/../../../../arm-none-eabi/lib/thumb/v7e-m+fp/hard\libc_nano.a(libc_a-errno.o)
                0x000000000800ca84                __errno
 .text.__libc_init_array
                0x000000000800ca90       0x48 C:/ST/STM32CubeIDE_1.13.2/STM32CubeIDE/plugins/com.st.stm32cube.ide.mcu.externaltools.gnu-tools-for-stm32.11.3.rel1.win32_1.1.1.202309131626/tools/bin/../lib/gcc/arm-none-eabi/11.3.1/../../../../arm-none-eabi/lib/thumb/v7e-m+fp/hard\libc_nano.a(libc_a-init.o)
                0x000000000800ca90                __libc_init_array
 .text.__retarget_lock_init_recursive
                0x000000000800cad8        0x2 C:/ST/STM32CubeIDE_1.13.2/STM32CubeIDE/plugins/com.st.stm32cube.ide.mcu.externaltools.gnu-tools-for-stm32.11.3.rel1.win32_1.1.1.202309131626/tools/bin/../lib/gcc/arm-none-eabi/11.3.1/../../../../arm-none-eabi/lib/thumb/v7e-m+fp/hard\libc_nano.a(libc_a-lock.o)
                0x000000000800cad8                __retarget_lock_init_recursive
 .text.__retarget_lock_acquire_recursive
                0x000000000800cada        0x2 C:/ST/STM32CubeIDE_1.13.2/STM32CubeIDE/plugins/com.st.stm32cube.ide.mcu.externaltools.gnu-tools-for-stm32.11.3.rel1.win32_1.1.1.202309131626/tools/bin/../lib/gcc/arm-none-eabi/11.3.1/../../../../arm-none-eabi/lib/thumb/v7e-m+fp/hard\libc_nano.a(libc_a-lock.o)
                0x000000000800cada                __retarget_lock_acquire_recursive
 .text.__retarget_lock_release_recursive
                0x000000000800cadc        0x2 C:/ST/STM32CubeIDE_1.13.2/STM32CubeIDE/plugins/com.st.stm32cube.ide.mcu.externaltools.gnu-tools-for-stm32.11.3.rel1.win32_1.1.1.202309131626/tools/bin/../lib/gcc/arm-none-eabi/11.3.1/../../../../arm-none-eabi/lib/thumb/v7e-m+fp/hard\libc_nano.a(libc_a-lock.o)
                0x000000000800cadc                __retarget_lock_release_recursive
 .text.quorem   0x000000000800cade      0x110 C:/ST/STM32CubeIDE_1.13.2/STM32CubeIDE/plugins/com.st.stm32cube.ide.mcu.externaltools.gnu-tools-for-stm32.11.3.rel1.win32_1.1.1.202309131626/tools/bin/../lib/gcc/arm-none-eabi/11.3.1/../../../../arm-none-eabi/lib/thumb/v7e-m+fp/hard\libc_nano.a(libc_a-dtoa.o)
 *fill*         0x000000000800cbee        0x2 
 .text._dtoa_r  0x000000000800cbf0      0xbe4 C:/ST/STM32CubeIDE_1.13.2/STM32CubeIDE/plugins/com.st.stm32cube.ide.mcu.externaltools.gnu-tools-for-stm32.11.3.rel1.win32_1.1.1.202309131626/tools/bin/../lib/gcc/arm-none-eabi/11.3.1/../../../../arm-none-eabi/lib/thumb/v7e-m+fp/hard\libc_nano.a(libc_a-dtoa.o)
                0x000000000800cbf0                _dtoa_r
 .text._free_r  0x000000000800d7d4       0x98 C:/ST/STM32CubeIDE_1.13.2/STM32CubeIDE/plugins/com.st.stm32cube.ide.mcu.externaltools.gnu-tools-for-stm32.11.3.rel1.win32_1.1.1.202309131626/tools/bin/../lib/gcc/arm-none-eabi/11.3.1/../../../../arm-none-eabi/lib/thumb/v7e-m+fp/hard\libc_nano.a(libc_a-freer.o)
                0x000000000800d7d4                _free_r
 .text.malloc   0x000000000800d86c       0x10 C:/ST/STM32CubeIDE_1.13.2/STM32CubeIDE/plugins/com.st.stm32cube.ide.mcu.externaltools.gnu-tools-for-stm32.11.3.rel1.win32_1.1.1.202309131626/tools/bin/../lib/gcc/arm-none-eabi/11.3.1/../../../../arm-none-eabi/lib/thumb/v7e-m+fp/hard\libc_nano.a(libc_a-malloc.o)
                0x000000000800d86c                malloc
 .text.sbrk_aligned
                0x000000000800d87c       0x40 C:/ST/STM32CubeIDE_1.13.2/STM32CubeIDE/plugins/com.st.stm32cube.ide.mcu.externaltools.gnu-tools-for-stm32.11.3.rel1.win32_1.1.1.202309131626/tools/bin/../lib/gcc/arm-none-eabi/11.3.1/../../../../arm-none-eabi/lib/thumb/v7e-m+fp/hard\libc_nano.a(libc_a-mallocr.o)
 .text._malloc_r
                0x000000000800d8bc      0x100 C:/ST/STM32CubeIDE_1.13.2/STM32CubeIDE/plugins/com.st.stm32cube.ide.mcu.externaltools.gnu-tools-for-stm32.11.3.rel1.win32_1.1.1.202309131626/tools/bin/../lib/gcc/arm-none-eabi/11.3.1/../../../../arm-none-eabi/lib/thumb/v7e-m+fp/hard\libc_nano.a(libc_a-mallocr.o)
                0x000000000800d8bc                _malloc_r
 .text.__malloc_lock
                0x000000000800d9bc        0xc C:/ST/STM32CubeIDE_1.13.2/STM32CubeIDE/plugins/com.st.stm32cube.ide.mcu.externaltools.gnu-tools-for-stm32.11.3.rel1.win32_1.1.1.202309131626/tools/bin/../lib/gcc/arm-none-eabi/11.3.1/../../../../arm-none-eabi/lib/thumb/v7e-m+fp/hard\libc_nano.a(libc_a-mlock.o)
                0x000000000800d9bc                __malloc_lock
 .text.__malloc_unlock
                0x000000000800d9c8        0xc C:/ST/STM32CubeIDE_1.13.2/STM32CubeIDE/plugins/com.st.stm32cube.ide.mcu.externaltools.gnu-tools-for-stm32.11.3.rel1.win32_1.1.1.202309131626/tools/bin/../lib/gcc/arm-none-eabi/11.3.1/../../../../arm-none-eabi/lib/thumb/v7e-m+fp/hard\libc_nano.a(libc_a-mlock.o)
                0x000000000800d9c8                __malloc_unlock
 .text._Balloc  0x000000000800d9d4       0x80 C:/ST/STM32CubeIDE_1.13.2/STM32CubeIDE/plugins/com.st.stm32cube.ide.mcu.externaltools.gnu-tools-for-stm32.11.3.rel1.win32_1.1.1.202309131626/tools/bin/../lib/gcc/arm-none-eabi/11.3.1/../../../../arm-none-eabi/lib/thumb/v7e-m+fp/hard\libc_nano.a(libc_a-mprec.o)
                0x000000000800d9d4                _Balloc
 .text._Bfree   0x000000000800da54       0x44 C:/ST/STM32CubeIDE_1.13.2/STM32CubeIDE/plugins/com.st.stm32cube.ide.mcu.externaltools.gnu-tools-for-stm32.11.3.rel1.win32_1.1.1.202309131626/tools/bin/../lib/gcc/arm-none-eabi/11.3.1/../../../../arm-none-eabi/lib/thumb/v7e-m+fp/hard\libc_nano.a(libc_a-mprec.o)
                0x000000000800da54                _Bfree
 .text.__multadd
                0x000000000800da98       0x8c C:/ST/STM32CubeIDE_1.13.2/STM32CubeIDE/plugins/com.st.stm32cube.ide.mcu.externaltools.gnu-tools-for-stm32.11.3.rel1.win32_1.1.1.202309131626/tools/bin/../lib/gcc/arm-none-eabi/11.3.1/../../../../arm-none-eabi/lib/thumb/v7e-m+fp/hard\libc_nano.a(libc_a-mprec.o)
                0x000000000800da98                __multadd
 .text.__hi0bits
                0x000000000800db24       0x40 C:/ST/STM32CubeIDE_1.13.2/STM32CubeIDE/plugins/com.st.stm32cube.ide.mcu.externaltools.gnu-tools-for-stm32.11.3.rel1.win32_1.1.1.202309131626/tools/bin/../lib/gcc/arm-none-eabi/11.3.1/../../../../arm-none-eabi/lib/thumb/v7e-m+fp/hard\libc_nano.a(libc_a-mprec.o)
                0x000000000800db24                __hi0bits
 .text.__lo0bits
                0x000000000800db64       0x5a C:/ST/STM32CubeIDE_1.13.2/STM32CubeIDE/plugins/com.st.stm32cube.ide.mcu.externaltools.gnu-tools-for-stm32.11.3.rel1.win32_1.1.1.202309131626/tools/bin/../lib/gcc/arm-none-eabi/11.3.1/../../../../arm-none-eabi/lib/thumb/v7e-m+fp/hard\libc_nano.a(libc_a-mprec.o)
                0x000000000800db64                __lo0bits
 *fill*         0x000000000800dbbe        0x2 
 .text.__i2b    0x000000000800dbc0       0x2c C:/ST/STM32CubeIDE_1.13.2/STM32CubeIDE/plugins/com.st.stm32cube.ide.mcu.externaltools.gnu-tools-for-stm32.11.3.rel1.win32_1.1.1.202309131626/tools/bin/../lib/gcc/arm-none-eabi/11.3.1/../../../../arm-none-eabi/lib/thumb/v7e-m+fp/hard\libc_nano.a(libc_a-mprec.o)
                0x000000000800dbc0                __i2b
 .text.__multiply
                0x000000000800dbec      0x154 C:/ST/STM32CubeIDE_1.13.2/STM32CubeIDE/plugins/com.st.stm32cube.ide.mcu.externaltools.gnu-tools-for-stm32.11.3.rel1.win32_1.1.1.202309131626/tools/bin/../lib/gcc/arm-none-eabi/11.3.1/../../../../arm-none-eabi/lib/thumb/v7e-m+fp/hard\libc_nano.a(libc_a-mprec.o)
                0x000000000800dbec                __multiply
 .text.__pow5mult
                0x000000000800dd40       0xb4 C:/ST/STM32CubeIDE_1.13.2/STM32CubeIDE/plugins/com.st.stm32cube.ide.mcu.externaltools.gnu-tools-for-stm32.11.3.rel1.win32_1.1.1.202309131626/tools/bin/../lib/gcc/arm-none-eabi/11.3.1/../../../../arm-none-eabi/lib/thumb/v7e-m+fp/hard\libc_nano.a(libc_a-mprec.o)
                0x000000000800dd40                __pow5mult
 .text.__lshift
                0x000000000800ddf4       0xd8 C:/ST/STM32CubeIDE_1.13.2/STM32CubeIDE/plugins/com.st.stm32cube.ide.mcu.externaltools.gnu-tools-for-stm32.11.3.rel1.win32_1.1.1.202309131626/tools/bin/../lib/gcc/arm-none-eabi/11.3.1/../../../../arm-none-eabi/lib/thumb/v7e-m+fp/hard\libc_nano.a(libc_a-mprec.o)
                0x000000000800ddf4                __lshift
 .text.__mcmp   0x000000000800decc       0x38 C:/ST/STM32CubeIDE_1.13.2/STM32CubeIDE/plugins/com.st.stm32cube.ide.mcu.externaltools.gnu-tools-for-stm32.11.3.rel1.win32_1.1.1.202309131626/tools/bin/../lib/gcc/arm-none-eabi/11.3.1/../../../../arm-none-eabi/lib/thumb/v7e-m+fp/hard\libc_nano.a(libc_a-mprec.o)
                0x000000000800decc                __mcmp
 .text.__mdiff  0x000000000800df04      0x114 C:/ST/STM32CubeIDE_1.13.2/STM32CubeIDE/plugins/com.st.stm32cube.ide.mcu.externaltools.gnu-tools-for-stm32.11.3.rel1.win32_1.1.1.202309131626/tools/bin/../lib/gcc/arm-none-eabi/11.3.1/../../../../arm-none-eabi/lib/thumb/v7e-m+fp/hard\libc_nano.a(libc_a-mprec.o)
                0x000000000800df04                __mdiff
 .text.__d2b    0x000000000800e018       0xb4 C:/ST/STM32CubeIDE_1.13.2/STM32CubeIDE/plugins/com.st.stm32cube.ide.mcu.externaltools.gnu-tools-for-stm32.11.3.rel1.win32_1.1.1.202309131626/tools/bin/../lib/gcc/arm-none-eabi/11.3.1/../../../../arm-none-eabi/lib/thumb/v7e-m+fp/hard\libc_nano.a(libc_a-mprec.o)
                0x000000000800e018                __d2b
 .text.__ssputs_r
                0x000000000800e0cc       0xb4 C:/ST/STM32CubeIDE_1.13.2/STM32CubeIDE/plugins/com.st.stm32cube.ide.mcu.externaltools.gnu-tools-for-stm32.11.3.rel1.win32_1.1.1.202309131626/tools/bin/../lib/gcc/arm-none-eabi/11.3.1/../../../../arm-none-eabi/lib/thumb/v7e-m+fp/hard\libc_nano.a(libc_a-nano-svfprintf.o)
                0x000000000800e0cc                __ssputs_r
 .text._svfprintf_r
                0x000000000800e180      0x1fc C:/ST/STM32CubeIDE_1.13.2/STM32CubeIDE/plugins/com.st.stm32cube.ide.mcu.externaltools.gnu-tools-for-stm32.11.3.rel1.win32_1.1.1.202309131626/tools/bin/../lib/gcc/arm-none-eabi/11.3.1/../../../../arm-none-eabi/lib/thumb/v7e-m+fp/hard\libc_nano.a(libc_a-nano-svfprintf.o)
                0x000000000800e180                _svfiprintf_r
                0x000000000800e180                _svfprintf_r
 .text.__sflush_r
                0x000000000800e37c      0x10c C:/ST/STM32CubeIDE_1.13.2/STM32CubeIDE/plugins/com.st.stm32cube.ide.mcu.externaltools.gnu-tools-for-stm32.11.3.rel1.win32_1.1.1.202309131626/tools/bin/../lib/gcc/arm-none-eabi/11.3.1/../../../../arm-none-eabi/lib/thumb/v7e-m+fp/hard\libc_nano.a(libc_a-fflush.o)
                0x000000000800e37c                __sflush_r
 .text._fflush_r
                0x000000000800e488       0x50 C:/ST/STM32CubeIDE_1.13.2/STM32CubeIDE/plugins/com.st.stm32cube.ide.mcu.externaltools.gnu-tools-for-stm32.11.3.rel1.win32_1.1.1.202309131626/tools/bin/../lib/gcc/arm-none-eabi/11.3.1/../../../../arm-none-eabi/lib/thumb/v7e-m+fp/hard\libc_nano.a(libc_a-fflush.o)
                0x000000000800e488                _fflush_r
 .text.memmove  0x000000000800e4d8       0x34 C:/ST/STM32CubeIDE_1.13.2/STM32CubeIDE/plugins/com.st.stm32cube.ide.mcu.externaltools.gnu-tools-for-stm32.11.3.rel1.win32_1.1.1.202309131626/tools/bin/../lib/gcc/arm-none-eabi/11.3.1/../../../../arm-none-eabi/lib/thumb/v7e-m+fp/hard\libc_nano.a(libc_a-memmove.o)
                0x000000000800e4d8                memmove
 .text._sbrk_r  0x000000000800e50c       0x20 C:/ST/STM32CubeIDE_1.13.2/STM32CubeIDE/plugins/com.st.stm32cube.ide.mcu.externaltools.gnu-tools-for-stm32.11.3.rel1.win32_1.1.1.202309131626/tools/bin/../lib/gcc/arm-none-eabi/11.3.1/../../../../arm-none-eabi/lib/thumb/v7e-m+fp/hard\libc_nano.a(libc_a-sbrkr.o)
                0x000000000800e50c                _sbrk_r
 .text.memcpy   0x000000000800e52c       0x1c C:/ST/STM32CubeIDE_1.13.2/STM32CubeIDE/plugins/com.st.stm32cube.ide.mcu.externaltools.gnu-tools-for-stm32.11.3.rel1.win32_1.1.1.202309131626/tools/bin/../lib/gcc/arm-none-eabi/11.3.1/../../../../arm-none-eabi/lib/thumb/v7e-m+fp/hard\libc_nano.a(libc_a-memcpy-stub.o)
                0x000000000800e52c                memcpy
 .text.__assert_func
                0x000000000800e548       0x3c C:/ST/STM32CubeIDE_1.13.2/STM32CubeIDE/plugins/com.st.stm32cube.ide.mcu.externaltools.gnu-tools-for-stm32.11.3.rel1.win32_1.1.1.202309131626/tools/bin/../lib/gcc/arm-none-eabi/11.3.1/../../../../arm-none-eabi/lib/thumb/v7e-m+fp/hard\libc_nano.a(libc_a-assert.o)
                0x000000000800e548                __assert_func
 .text._calloc_r
                0x000000000800e584       0x2c C:/ST/STM32CubeIDE_1.13.2/STM32CubeIDE/plugins/com.st.stm32cube.ide.mcu.externaltools.gnu-tools-for-stm32.11.3.rel1.win32_1.1.1.202309131626/tools/bin/../lib/gcc/arm-none-eabi/11.3.1/../../../../arm-none-eabi/lib/thumb/v7e-m+fp/hard\libc_nano.a(libc_a-callocr.o)
                0x000000000800e584                _calloc_r
 .text.__ascii_mbtowc
                0x000000000800e5b0       0x24 C:/ST/STM32CubeIDE_1.13.2/STM32CubeIDE/plugins/com.st.stm32cube.ide.mcu.externaltools.gnu-tools-for-stm32.11.3.rel1.win32_1.1.1.202309131626/tools/bin/../lib/gcc/arm-none-eabi/11.3.1/../../../../arm-none-eabi/lib/thumb/v7e-m+fp/hard\libc_nano.a(libc_a-mbtowc_r.o)
                0x000000000800e5b0                __ascii_mbtowc
 .text._realloc_r
                0x000000000800e5d4       0x5e C:/ST/STM32CubeIDE_1.13.2/STM32CubeIDE/plugins/com.st.stm32cube.ide.mcu.externaltools.gnu-tools-for-stm32.11.3.rel1.win32_1.1.1.202309131626/tools/bin/../lib/gcc/arm-none-eabi/11.3.1/../../../../arm-none-eabi/lib/thumb/v7e-m+fp/hard\libc_nano.a(libc_a-reallocr.o)
                0x000000000800e5d4                _realloc_r
 .text.__ascii_wctomb