../Core/Src/main.c:131:5:main	8	static
../Core/Src/main.c:243:6:SystemClock_Config	88	static
../Core/Src/main.c:286:13:MX_I2C1_Init	8	static
../Core/Src/main.c:331:13:MX_SPI1_Init	8	static
../Core/Src/main.c:367:13:MX_SPI5_Init	8	static
../Core/Src/main.c:403:13:MX_TIM2_Init	32	static
../Core/Src/main.c:445:13:MX_TIM3_Init	32	static
../Core/Src/main.c:487:13:MX_GPIO_Init	56	static
../Core/Src/main.c:535:6:StartTask1	16	static
../Core/Src/main.c:562:6:StartTask02	16	static
../Core/Src/main.c:598:6:StartTask03	24	static
../Core/Src/main.c:635:6:StartTask04	16	static
../Core/Src/main.c:656:6:HAL_TIM_PeriodElapsedCallback	16	static
../Core/Src/main.c:672:6:Error_Handler	4	static,ignoring_inline_asm
