../Core/Src/main.c:108:5:main	64	static
../Core/Src/main.c:219:6:SystemClock_Config	88	static
../Core/Src/main.c:272:13:MX_I2C1_Init	8	static
../Core/Src/main.c:320:13:MX_SPI1_Init	8	static
../Core/Src/main.c:358:13:MX_TIM2_Init	32	static
../Core/Src/main.c:403:13:MX_TIM3_Init	32	static
../Core/Src/main.c:448:13:MX_GPIO_Init	48	static
../Core/Src/main.c:488:6:StartTask1	16	static
../Core/Src/main.c:508:6:StartTask02	16	static
../Core/Src/main.c:526:6:StartTask03	16	static
../Core/Src/main.c:545:6:HAL_TIM_PeriodElapsedCallback	16	static
../Core/Src/main.c:562:6:Error_Handler	4	static,ignoring_inline_asm
